Archive member included to satisfy reference by file (symbol)

c:/program files (x86)/gnu tools arm embedded/7 2017-q4-major/bin/../lib/gcc/arm-none-eabi/7.2.1/../../../../arm-none-eabi/lib/thumb/v7-m\libm.a(lib_a-s_sin.o)
                              ..\obj\main.o (sin)
c:/program files (x86)/gnu tools arm embedded/7 2017-q4-major/bin/../lib/gcc/arm-none-eabi/7.2.1/../../../../arm-none-eabi/lib/thumb/v7-m\libm.a(lib_a-e_rem_pio2.o)
                              c:/program files (x86)/gnu tools arm embedded/7 2017-q4-major/bin/../lib/gcc/arm-none-eabi/7.2.1/../../../../arm-none-eabi/lib/thumb/v7-m\libm.a(lib_a-s_sin.o) (__ieee754_rem_pio2)
c:/program files (x86)/gnu tools arm embedded/7 2017-q4-major/bin/../lib/gcc/arm-none-eabi/7.2.1/../../../../arm-none-eabi/lib/thumb/v7-m\libm.a(lib_a-k_cos.o)
                              c:/program files (x86)/gnu tools arm embedded/7 2017-q4-major/bin/../lib/gcc/arm-none-eabi/7.2.1/../../../../arm-none-eabi/lib/thumb/v7-m\libm.a(lib_a-s_sin.o) (__kernel_cos)
c:/program files (x86)/gnu tools arm embedded/7 2017-q4-major/bin/../lib/gcc/arm-none-eabi/7.2.1/../../../../arm-none-eabi/lib/thumb/v7-m\libm.a(lib_a-k_rem_pio2.o)
                              c:/program files (x86)/gnu tools arm embedded/7 2017-q4-major/bin/../lib/gcc/arm-none-eabi/7.2.1/../../../../arm-none-eabi/lib/thumb/v7-m\libm.a(lib_a-e_rem_pio2.o) (__kernel_rem_pio2)
c:/program files (x86)/gnu tools arm embedded/7 2017-q4-major/bin/../lib/gcc/arm-none-eabi/7.2.1/../../../../arm-none-eabi/lib/thumb/v7-m\libm.a(lib_a-k_sin.o)
                              c:/program files (x86)/gnu tools arm embedded/7 2017-q4-major/bin/../lib/gcc/arm-none-eabi/7.2.1/../../../../arm-none-eabi/lib/thumb/v7-m\libm.a(lib_a-s_sin.o) (__kernel_sin)
c:/program files (x86)/gnu tools arm embedded/7 2017-q4-major/bin/../lib/gcc/arm-none-eabi/7.2.1/../../../../arm-none-eabi/lib/thumb/v7-m\libm.a(lib_a-s_fabs.o)
                              c:/program files (x86)/gnu tools arm embedded/7 2017-q4-major/bin/../lib/gcc/arm-none-eabi/7.2.1/../../../../arm-none-eabi/lib/thumb/v7-m\libm.a(lib_a-e_rem_pio2.o) (fabs)
c:/program files (x86)/gnu tools arm embedded/7 2017-q4-major/bin/../lib/gcc/arm-none-eabi/7.2.1/../../../../arm-none-eabi/lib/thumb/v7-m\libm.a(lib_a-s_floor.o)
                              c:/program files (x86)/gnu tools arm embedded/7 2017-q4-major/bin/../lib/gcc/arm-none-eabi/7.2.1/../../../../arm-none-eabi/lib/thumb/v7-m\libm.a(lib_a-k_rem_pio2.o) (floor)
c:/program files (x86)/gnu tools arm embedded/7 2017-q4-major/bin/../lib/gcc/arm-none-eabi/7.2.1/../../../../arm-none-eabi/lib/thumb/v7-m\libm.a(lib_a-s_scalbn.o)
                              c:/program files (x86)/gnu tools arm embedded/7 2017-q4-major/bin/../lib/gcc/arm-none-eabi/7.2.1/../../../../arm-none-eabi/lib/thumb/v7-m\libm.a(lib_a-k_rem_pio2.o) (scalbn)
c:/program files (x86)/gnu tools arm embedded/7 2017-q4-major/bin/../lib/gcc/arm-none-eabi/7.2.1/../../../../arm-none-eabi/lib/thumb/v7-m\libm.a(lib_a-s_copysign.o)
                              c:/program files (x86)/gnu tools arm embedded/7 2017-q4-major/bin/../lib/gcc/arm-none-eabi/7.2.1/../../../../arm-none-eabi/lib/thumb/v7-m\libm.a(lib_a-s_scalbn.o) (copysign)
c:/program files (x86)/gnu tools arm embedded/7 2017-q4-major/bin/../lib/gcc/arm-none-eabi/7.2.1/thumb/v7-m\libgcc.a(_arm_addsubdf3.o)
                              ..\obj\strutil.o (__aeabi_dsub)
c:/program files (x86)/gnu tools arm embedded/7 2017-q4-major/bin/../lib/gcc/arm-none-eabi/7.2.1/thumb/v7-m\libgcc.a(_arm_muldivdf3.o)
                              ..\obj\strutil.o (__aeabi_dmul)
c:/program files (x86)/gnu tools arm embedded/7 2017-q4-major/bin/../lib/gcc/arm-none-eabi/7.2.1/thumb/v7-m\libgcc.a(_arm_cmpdf2.o)
                              c:/program files (x86)/gnu tools arm embedded/7 2017-q4-major/bin/../lib/gcc/arm-none-eabi/7.2.1/../../../../arm-none-eabi/lib/thumb/v7-m\libm.a(lib_a-e_rem_pio2.o) (__aeabi_dcmpeq)
c:/program files (x86)/gnu tools arm embedded/7 2017-q4-major/bin/../lib/gcc/arm-none-eabi/7.2.1/thumb/v7-m\libgcc.a(_arm_unorddf2.o)
                              ..\obj\strutil.o (__aeabi_dcmpun)
c:/program files (x86)/gnu tools arm embedded/7 2017-q4-major/bin/../lib/gcc/arm-none-eabi/7.2.1/thumb/v7-m\libgcc.a(_arm_fixdfsi.o)
                              ..\obj\strutil.o (__aeabi_d2iz)
c:/program files (x86)/gnu tools arm embedded/7 2017-q4-major/bin/../lib/gcc/arm-none-eabi/7.2.1/thumb/v7-m\libgcc.a(_arm_truncdfsf2.o)
                              ..\obj\main.o (__aeabi_d2f)
c:/program files (x86)/gnu tools arm embedded/7 2017-q4-major/bin/../lib/gcc/arm-none-eabi/7.2.1/thumb/v7-m\libgcc.a(_arm_addsubsf3.o)
                              ..\obj\draw.o (__aeabi_fsub)
c:/program files (x86)/gnu tools arm embedded/7 2017-q4-major/bin/../lib/gcc/arm-none-eabi/7.2.1/thumb/v7-m\libgcc.a(_arm_muldivsf3.o)
                              ..\obj\main.o (__aeabi_fmul)
[...]
Memory Configuration

Name             Origin             Length             Attributes
rom              0x08000000         0x00080000         xr
ram              0x20000000         0x00010000         xrw
*default*        0x00000000         0xffffffff

Linker script and memory map

LOAD c:/program files (x86)/gnu tools arm embedded/7 2017-q4-major/bin/../lib/gcc/arm-none-eabi/7.2.1/thumb/v7-m/crti.o
LOAD c:/program files (x86)/gnu tools arm embedded/7 2017-q4-major/bin/../lib/gcc/arm-none-eabi/7.2.1/thumb/v7-m/crtbegin.o
LOAD c:/program files (x86)/gnu tools arm embedded/7 2017-q4-major/bin/../lib/gcc/arm-none-eabi/7.2.1/../../../../arm-none-eabi/lib/thumb/v7-m/crt0.o
                0x20010000                _eram = 0x20010000

.text           0x08000000    0x173dc
 *(.isr_vector)
 .isr_vector    0x08000000      0x134 ..\obj\startup_stm32f10x_hd.o
                0x08000000                g_pfnVectors
 *(.text*)
 .text          0x08000134       0x40 c:/program files (x86)/gnu tools arm embedded/7 2017-q4-major/bin/../lib/gcc/arm-none-eabi/7.2.1/thumb/v7-m/crtbegin.o
 .text._ZN6LT3593C2Ev
                0x08000174       0x14 ..\obj\lt3593.o
                0x08000174                LT3593::LT3593()
                0x08000174                LT3593::LT3593()
 .text._ZN6LT3593D2Ev
                0x08000188       0x22 ..\obj\lt3593.o
                0x08000188                LT3593::~LT3593()
                0x08000188                LT3593::~LT3593()
 *fill*         0x080001aa        0x2 
 .text.RTC_GetCounter
                0x080001ac       0x2c ..\obj\stm32f10x_rtc.o
                0x080001ac                RTC_GetCounter
 .text._ZN10STM32F_DACC2Emm
                0x080001d8       0x20 ..\obj\adcDac.o
                0x080001d8                STM32F_DAC::STM32F_DAC(unsigned long, unsigned long)
                0x080001d8                STM32F_DAC::STM32F_DAC(unsigned long, unsigned long)
 .text._ZN10STM32F_DACD2Ev
                0x080001f8       0x14 ..\obj\adcDac.o
                0x080001f8                STM32F_DAC::~STM32F_DAC()
                0x080001f8                STM32F_DAC::~STM32F_DAC()
 .text._ZN10STM32F_DAC5beginEmm
                0x0800020c       0x42 ..\obj\adcDac.o
                0x0800020c                STM32F_DAC::begin(unsigned long, unsigned long)
 .text._ZN10STM32F_DAC5startEv
                0x0800024e       0x54 ..\obj\adcDac.o
                0x0800024e                STM32F_DAC::start()
 *fill*         0x080002a2        0x2 
 .text._ZN10STM32F_DAC5writeEPKmjmP11TIM_TypeDef
                0x080002a4      0x114 ..\obj\adcDac.o
                0x080002a4                STM32F_DAC::write(unsigned long const*, unsigned int, unsigned long, TIM_TypeDef*)
 .text.ADC1_2_IRQHandler
                0x080003b8       0x80 ..\obj\adcDac.o
                0x080003b8                ADC1_2_IRQHandler
 .text._ZN4GPIO12whatGPIOTypeEi
                0x08000438       0xa4 ..\obj\Wire.o
                0x08000438                GPIO::whatGPIOType(int)
 .text._ZN4GPIO7whatPinEi
                0x080004dc       0x2c ..\obj\Wire.o
                0x080004dc                GPIO::whatPin(int)
 .text.TIM_TimeBaseInit
                0x08000508       0xf8 ..\obj\stm32f10x_tim.o
                0x08000508                TIM_TimeBaseInit
 .text.TIM_TimeBaseStructInit
                0x08000600       0x32 ..\obj\stm32f10x_tim.o
                0x08000600                TIM_TimeBaseStructInit
 .text.TIM_Cmd  0x08000632       0x3e ..\obj\stm32f10x_tim.o
                0x08000632                TIM_Cmd
 .text.TIM_CtrlPWMOutputs
                0x08000670       0x4a ..\obj\stm32f10x_tim.o
                0x08000670                TIM_CtrlPWMOutputs
 .text.TIM_ARRPreloadConfig
                0x080006ba       0x3e ..\obj\stm32f10x_tim.o
                0x080006ba                TIM_ARRPreloadConfig
 .text.TIM_SelectOutputTrigger
                0x080006f8       0x36 ..\obj\stm32f10x_tim.o
                0x080006f8                TIM_SelectOutputTrigger
 .text.TIM_GetITStatus
                0x0800072e       0x52 ..\obj\stm32f10x_tim.o
                0x0800072e                TIM_GetITStatus
 .text.TIM_ClearITPendingBit
                0x08000780       0x20 ..\obj\stm32f10x_tim.o
                0x08000780                TIM_ClearITPendingBit
 .text.SystemInit
                0x080007a0       0x68 ..\obj\system_stm32f10x.o
                0x080007a0                SystemInit
 .text.SetSysClock
                0x08000808        0xc ..\obj\system_stm32f10x.o
 .text.SetSysClockTo72
                0x08000814      0x100 ..\obj\system_stm32f10x.o
 .text._ZN15STM32F_SOFT_I2CC2Ev
                0x08000914       0x14 ..\obj\softWire.o
                0x08000914                STM32F_SOFT_I2C::STM32F_SOFT_I2C()
                0x08000914                STM32F_SOFT_I2C::STM32F_SOFT_I2C()
 .text._ZN15STM32F_SOFT_I2CD2Ev
                0x08000928       0x18 ..\obj\softWire.o
                0x08000928                STM32F_SOFT_I2C::~STM32F_SOFT_I2C()
                0x08000928                STM32F_SOFT_I2C::~STM32F_SOFT_I2C()
 .text._ZN15STM32F_SOFT_I2C13pinsAlternateEv
                0x08000940       0xfa ..\obj\softWire.o
                0x08000940                STM32F_SOFT_I2C::pinsAlternate()
 .text._ZN15STM32F_SOFT_I2C5beginEP11I2C_TypeDefiim
                0x08000a3a       0x70 ..\obj\softWire.o
                0x08000a3a                STM32F_SOFT_I2C::begin(I2C_TypeDef*, int, int, unsigned long)
 .text._ZN15STM32F_SOFT_I2C3endEv
                0x08000aaa       0x38 ..\obj\softWire.o
                0x08000aaa                STM32F_SOFT_I2C::end()
 .text._ZN3LEDC2Ev
                0x08000ae2       0x14 ..\obj\led.o
                0x08000ae2                LED::LED()
                0x08000ae2                LED::LED()
 .text._ZN3LEDD2Ev
                0x08000af6       0x20 ..\obj\led.o
                0x08000af6                LED::~LED()
                0x08000af6                LED::~LED()
 .text._ZN3LED5beginEib
                0x08000b16       0x2e ..\obj\led.o
                0x08000b16                LED::begin(int, bool)
 .text._ZN3LED2OnEv
                0x08000b44       0x32 ..\obj\led.o
                0x08000b44                LED::On()
 .text._ZN3LED6toggleEv
                0x08000b76       0x32 ..\obj\led.o
                0x08000b76                LED::toggle()
 .text.Default_Reset_Handler
                0x08000ba8       0x60 ..\obj\startup_stm32f10x_hd.o
                0x08000ba8                Default_Reset_Handler
                0x08000ba8                Reset_Handler
 .text.Default_Handler
                0x08000c08        0x6 ..\obj\startup_stm32f10x_hd.o
                0x08000c08                EXTI2_IRQHandler
                0x08000c08                PVD_IRQHandler
                0x08000c08                SDIO_IRQHandler
                0x08000c08                EXTI0_IRQHandler
                0x08000c08                I2C2_EV_IRQHandler
                0x08000c08                SPI1_IRQHandler
                0x08000c08                TAMPER_IRQHandler
                0x08000c08                DMA2_Channel2_IRQHandler
                0x08000c08                DMA1_Channel4_IRQHandler
                0x08000c08                DMA1_Channel7_IRQHandler
                0x08000c08                CAN1_RX1_IRQHandler
                0x08000c08                ADC3_IRQHandler
                0x08000c08                DMA2_Channel1_IRQHandler
                0x08000c08                I2C1_EV_IRQHandler
                0x08000c08                DMA1_Channel6_IRQHandler
                0x08000c08                RCC_IRQHandler
                0x08000c08                EXTI15_10_IRQHandler
                0x08000c08                EXTI9_5_IRQHandler
                0x08000c08                SPI2_IRQHandler
                0x08000c08                DMA1_Channel5_IRQHandler
                0x08000c08                EXTI4_IRQHandler
                0x08000c08                USB_LP_CAN1_RX0_IRQHandler
                0x08000c08                USB_HP_CAN1_TX_IRQHandler
                0x08000c08                DMA1_Channel3_IRQHandler
                0x08000c08                FSMC_IRQHandler
                0x08000c08                WWDG_IRQHandler
                0x08000c08                EXTI1_IRQHandler
                0x08000c08                I2C2_ER_IRQHandler
                0x08000c08                DMA1_Channel2_IRQHandler
                0x08000c08                CAN1_SCE_IRQHandler
                0x08000c08                FLASH_IRQHandler
                0x08000c08                SPI3_IRQHandler
                0x08000c08                I2C1_ER_IRQHandler
                0x08000c08                USBWakeUp_IRQHandler
 .text.GPIO_Init
                0x08000c0e      0x178 ..\obj\stm32f10x_gpio.o
                0x08000c0e                GPIO_Init
 .text.GPIO_StructInit
                0x08000d86       0x26 ..\obj\stm32f10x_gpio.o
                0x08000d86                GPIO_StructInit
 .text.GPIO_PinRemapConfig
                0x08000dac       0xe0 ..\obj\stm32f10x_gpio.o
                0x08000dac                GPIO_PinRemapConfig
 .text          0x08000e8c       0x1a ..\obj\dispatch.o
                0x08000e8c                sta_ctx
                0x08000e96                swi_ctx
 .text.DAC_DeInit
                0x08000ea6       0x1c ..\obj\stm32f10x_dac.o
                0x08000ea6                DAC_DeInit
 *fill*         0x08000ec2        0x2 
 .text.DAC_Init
                0x08000ec4       0x64 ..\obj\stm32f10x_dac.o
                0x08000ec4                DAC_Init
 .text.DAC_Cmd  0x08000f28       0x48 ..\obj\stm32f10x_dac.o
                0x08000f28                DAC_Cmd
 .text.DAC_DMACmd
                0x08000f70       0x4c ..\obj\stm32f10x_dac.o
                0x08000f70                DAC_DMACmd
 .text.NVIC_SetPriority
                0x08000fbc       0x5c ..\obj\main.o
 .text.SysTick_Config
                0x08001018       0x44 ..\obj\main.o
 .text._Z7tsk_iniv
                0x0800105c       0x64 ..\obj\main.o
                0x0800105c                tsk_ini()
 .text.main     0x080010c0       0xec ..\obj\main.o
                0x080010c0                main
 .text._Z12stackMonitorv
                0x080011ac       0xcc ..\obj\main.o
                0x080011ac                stackMonitor()
 .text._ZL11RemainStackPvj
                0x08001278       0x4a ..\obj\main.o
 *fill*         0x080012c2        0x6 
 .text._Z9dacOutputv
                0x080012c8       0xe0 ..\obj\main.o
                0x080012c8                dacOutput()
 .text._Z17RCC_Configurationv
                0x080013a8       0x7e ..\obj\main.o
                0x080013a8                RCC_Configuration()
 .text._Z18NVIC_Configurationv
                0x08001426       0x12 ..\obj\main.o
                0x08001426                NVIC_Configuration()
 .text._Z41__static_initialization_and_destruction_0ii
                0x08001438       0xb8 ..\obj\main.o
 .text._GLOBAL__sub_I_sem_obj
                0x080014f0       0x10 ..\obj\main.o
 .text.RTC_IRQHandler
                0x08001500       0x40 ..\obj\stm32f_rtc.o
                0x08001500                RTC_IRQHandler
 .text.RTCAlarm_IRQHandler
                0x08001540        0xc ..\obj\stm32f_rtc.o
                0x08001540                RTCAlarm_IRQHandler
 .text.reg_tsk  0x0800154c       0xc8 ..\obj\mul_tsk.o
                0x0800154c                reg_tsk
 .text.sta_tsk  0x08001614       0x40 ..\obj\mul_tsk.o
                0x08001614                sta_tsk
 .text.sta_rdq  0x08001654       0x70 ..\obj\mul_tsk.o
                0x08001654                sta_rdq
 .text.rot_rdq  0x080016c4       0xcc ..\obj\mul_tsk.o
                0x080016c4                rot_rdq
 .text.wait140ns
                0x08001790       0x20 ..\obj\system.o
                0x08001790                wait140ns
 .text.dly1us   0x080017b0       0x24 ..\obj\system.o
                0x080017b0                dly1us
 .text.dly5us   0x080017d4       0x1c ..\obj\system.o
                0x080017d4                dly5us
 .text.dly10us  0x080017f0       0x8c ..\obj\system.o
                0x080017f0                dly10us
 .text._ZN5BOARDC2Ev
                0x0800187c       0x14 ..\obj\0900.o
                0x0800187c                BOARD::BOARD()
                0x0800187c                BOARD::BOARD()
 .text._ZN5BOARDD2Ev
                0x08001890       0x14 ..\obj\0900.o
                0x08001890                BOARD::~BOARD()
                0x08001890                BOARD::~BOARD()
 .text._ZN5BOARD8gpioInitEv
                0x080018a4       0xc8 ..\obj\0900.o
                0x080018a4                BOARD::gpioInit()
 .text._ZN5BOARD17busPortInitializeEv
                0x0800196c      0x100 ..\obj\0900.o
                0x0800196c                BOARD::busPortInitialize()
 .text._ZN5BOARD10extBusInitEv
                0x08001a6c       0xb0 ..\obj\0900.o
                0x08001a6c                BOARD::extBusInit()
 .text.RCC_GetClocksFreq
                0x08001b1c      0x160 ..\obj\stm32f10x_rcc.o
                0x08001b1c                RCC_GetClocksFreq
 .text.RCC_AHBPeriphClockCmd
                0x08001c7c       0x3c ..\obj\stm32f10x_rcc.o
                0x08001c7c                RCC_AHBPeriphClockCmd
 .text.RCC_APB2PeriphClockCmd
                0x08001cb8       0x3c ..\obj\stm32f10x_rcc.o
                0x08001cb8                RCC_APB2PeriphClockCmd
 .text.RCC_APB1PeriphClockCmd
                0x08001cf4       0x3c ..\obj\stm32f10x_rcc.o
                0x08001cf4                RCC_APB1PeriphClockCmd
 .text.RCC_APB2PeriphResetCmd
                0x08001d30       0x3c ..\obj\stm32f10x_rcc.o
                0x08001d30                RCC_APB2PeriphResetCmd
 .text.RCC_APB1PeriphResetCmd
                0x08001d6c       0x3c ..\obj\stm32f10x_rcc.o
                0x08001d6c                RCC_APB1PeriphResetCmd
 .text._ZN4GPIO7pinModeEP12GPIO_TypeDeftii
                0x08001da8       0x3e ..\obj\gpio.o
                0x08001da8                GPIO::pinMode(GPIO_TypeDef*, unsigned short, int, int)
 .text._ZN4GPIO7pinModeEiii
                0x08001de6       0x3c ..\obj\gpio.o
                0x08001de6                GPIO::pinMode(int, int, int)
 .text._ZN4GPIO3setEi
                0x08001e22       0x2e ..\obj\gpio.o
                0x08001e22                GPIO::set(int)
 .text._ZN4GPIO5resetEi
                0x08001e50       0x32 ..\obj\gpio.o
                0x08001e50                GPIO::reset(int)
 .text._ZN4GPIO12digitalWriteEib
                0x08001e82       0x2e ..\obj\gpio.o
                0x08001e82                GPIO::digitalWrite(int, bool)
 .text._ZN4GPIO11digitalReadEi
                0x08001eb0       0x3a ..\obj\gpio.o
                0x08001eb0                GPIO::digitalRead(int)
 *fill*         0x08001eea        0x2 
 .text._ZN4GPIO17allPullupPulldownE16GPIOMode_TypeDeftt
                0x08001eec       0xb4 ..\obj\gpio.o
                0x08001eec                GPIO::allPullupPulldown(GPIOMode_TypeDef, unsigned short, unsigned short)
 .text._ZN4GPIO16allPulldownOnSWDEv
                0x08001fa0       0x20 ..\obj\gpio.o
                0x08001fa0                GPIO::allPulldownOnSWD()
 .text._ZN4GPIO9swdEnableEv
                0x08001fc0       0x1c ..\obj\gpio.o
                0x08001fc0                GPIO::swdEnable()
 .text._ZN12STM32F_TIMERC2EP11TIM_TypeDef
                0x08001fdc       0x1c ..\obj\Timer.o
                0x08001fdc                STM32F_TIMER::STM32F_TIMER(TIM_TypeDef*)
                0x08001fdc                STM32F_TIMER::STM32F_TIMER(TIM_TypeDef*)
 .text._ZN12STM32F_TIMERD2Ev
                0x08001ff8       0x14 ..\obj\Timer.o
                0x08001ff8                STM32F_TIMER::~STM32F_TIMER()
                0x08001ff8                STM32F_TIMER::~STM32F_TIMER()
 .text._ZN12STM32F_TIMER5beginEP11TIM_TypeDef
                0x0800200c      0x2dc ..\obj\Timer.o
                0x0800200c                STM32F_TIMER::begin(TIM_TypeDef*)
 .text._ZN12STM32F_TIMER5startEv
                0x080022e8       0x30 ..\obj\Timer.o
                0x080022e8                STM32F_TIMER::start()
 .text._ZN12STM32F_TIMER7prePeriEmPmS0_
                0x08002318       0x84 ..\obj\Timer.o
                0x08002318                STM32F_TIMER::prePeri(unsigned long, unsigned long*, unsigned long*)
 .text._ZN12STM32F_TIMER9frequencyEm
                0x0800239c       0x76 ..\obj\Timer.o
                0x0800239c                STM32F_TIMER::frequency(unsigned long)
 .text._ZN12STM32F_TIMER7triggerEt
                0x08002412       0x22 ..\obj\Timer.o
                0x08002412                STM32F_TIMER::trigger(unsigned short)
 .text.defaultHandler
                0x08002434        0x6 ..\obj\Timer.o
                0x08002434                defaultHandler
 .text.TIM1_BRK_IRQHandler
                0x0800243a        0xc ..\obj\Timer.o
                0x0800243a                TIM1_BRK_IRQHandler
 .text.TIM1_TRG_COM_IRQHandler
                0x08002446        0xc ..\obj\Timer.o
                0x08002446                TIM1_TRG_COM_IRQHandler
 *fill*         0x08002452        0x2 
 .text.TIM1_UP_IRQHandler
                0x08002454       0x38 ..\obj\Timer.o
                0x08002454                TIM1_UP_IRQHandler
 .text.TIM1_CC_IRQHandler
                0x0800248c       0xa8 ..\obj\Timer.o
                0x0800248c                TIM1_CC_IRQHandler
 .text.TIM2_IRQHandler
                0x08002534       0xe0 ..\obj\Timer.o
                0x08002534                TIM2_IRQHandler
 .text.TIM3_IRQHandler
                0x08002614       0xd0 ..\obj\Timer.o
                0x08002614                TIM3_IRQHandler
 .text.TIM4_IRQHandler
                0x080026e4       0xd0 ..\obj\Timer.o
                0x080026e4                TIM4_IRQHandler
 .text.TIM5_IRQHandler
                0x080027b4       0xd4 ..\obj\Timer.o
                0x080027b4                TIM5_IRQHandler
 .text.TIM6_IRQHandler
                0x08002888       0x38 ..\obj\Timer.o
                0x08002888                TIM6_IRQHandler
 .text.TIM7_IRQHandler
                0x080028c0       0x38 ..\obj\Timer.o
                0x080028c0                TIM7_IRQHandler
 .text.TIM8_BRK_IRQHandler
                0x080028f8        0xc ..\obj\Timer.o
                0x080028f8                TIM8_BRK_IRQHandler
 .text.TIM8_TRG_COM_IRQHandler
                0x08002904        0xc ..\obj\Timer.o
                0x08002904                TIM8_TRG_COM_IRQHandler
 .text.TIM8_UP_IRQHandler
                0x08002910       0x38 ..\obj\Timer.o
                0x08002910                TIM8_UP_IRQHandler
 .text.TIM8_CC_IRQHandler
                0x08002948       0xb0 ..\obj\Timer.o
                0x08002948                TIM8_CC_IRQHandler
 .text.EXTI_ClearITPendingBit
                0x080029f8       0x1c ..\obj\stm32f10x_exti.o
                0x080029f8                EXTI_ClearITPendingBit
 .text._ZN6SerialC2Ev
                0x08002a14       0x14 ..\obj\HardwareSerial.o
                0x08002a14                Serial::Serial()
                0x08002a14                Serial::Serial()
 .text._ZN6SerialD2Ev
                0x08002a28       0x18 ..\obj\HardwareSerial.o
                0x08002a28                Serial::~Serial()
                0x08002a28                Serial::~Serial()
 .text._ZN6Serial5beginEimtt
                0x08002a40       0xb4 ..\obj\HardwareSerial.o
                0x08002a40                Serial::begin(int, unsigned long, unsigned short, unsigned short)
 .text._ZN6Serial3endEv
                0x08002af4       0x3e ..\obj\HardwareSerial.o
                0x08002af4                Serial::end()
 .text._ZN6Serial6printfEPKcz
                0x08002b32       0x58 ..\obj\HardwareSerial.o
                0x08002b32                Serial::printf(char const*, ...)
 .text._ZN6Serial4putsEPKc
                0x08002b8a       0x20 ..\obj\HardwareSerial.o
                0x08002b8a                Serial::puts(char const*)
 .text.ADC_GetConversionValue
                0x08002baa       0x18 ..\obj\stm32f10x_adc.o
                0x08002baa                ADC_GetConversionValue
 .text.ADC_GetFlagStatus
                0x08002bc2       0x32 ..\obj\stm32f10x_adc.o
                0x08002bc2                ADC_GetFlagStatus
 .text.USART_Init
                0x08002bf4      0x174 ..\obj\stm32f10x_usart.o
                0x08002bf4                USART_Init
 .text.USART_StructInit
                0x08002d68       0x38 ..\obj\stm32f10x_usart.o
                0x08002d68                USART_StructInit
 .text.USART_Cmd
                0x08002da0       0x3e ..\obj\stm32f10x_usart.o
                0x08002da0                USART_Cmd
 .text.USART_ITConfig
                0x08002dde       0x8e ..\obj\stm32f10x_usart.o
                0x08002dde                USART_ITConfig
 .text.USART_SendData
                0x08002e6c       0x22 ..\obj\stm32f10x_usart.o
                0x08002e6c                USART_SendData
 .text.USART_ReceiveData
                0x08002e8e       0x1e ..\obj\stm32f10x_usart.o
                0x08002e8e                USART_ReceiveData
 .text.USART_GetFlagStatus
                0x08002eac       0x36 ..\obj\stm32f10x_usart.o
                0x08002eac                USART_GetFlagStatus
 .text.USART_ClearITPendingBit
                0x08002ee2       0x38 ..\obj\stm32f10x_usart.o
                0x08002ee2                USART_ClearITPendingBit
 .text.EXTI3_IRQHandler
                0x08002f1a        0xe ..\obj\interrupt.o
                0x08002f1a                EXTI3_IRQHandler
 .text.DMA1_Channel1_IRQHandler
                0x08002f28       0x88 ..\obj\interrupt.o
                0x08002f28                DMA1_Channel1_IRQHandler
 .text.DMA2_Channel3_IRQHandler
                0x08002fb0       0x98 ..\obj\interrupt.o
                0x08002fb0                DMA2_Channel3_IRQHandler
 .text.DMA2_Channel4_5_IRQHandler
                0x08003048      0x128 ..\obj\interrupt.o
                0x08003048                DMA2_Channel4_5_IRQHandler
 .text._ZN10STM32F_DMAC2EP19DMA_Channel_TypeDef
                0x08003170       0x1c ..\obj\Dma.o
                0x08003170                STM32F_DMA::STM32F_DMA(DMA_Channel_TypeDef*)
                0x08003170                STM32F_DMA::STM32F_DMA(DMA_Channel_TypeDef*)
 .text._ZN10STM32F_DMAD2Ev
                0x0800318c       0x14 ..\obj\Dma.o
                0x0800318c                STM32F_DMA::~STM32F_DMA()
                0x0800318c                STM32F_DMA::~STM32F_DMA()
 .text._ZN10STM32F_DMA5beginEP19DMA_Channel_TypeDef
                0x080031a0       0x1a ..\obj\Dma.o
                0x080031a0                STM32F_DMA::begin(DMA_Channel_TypeDef*)
 .text._ZN10STM32F_DMA3m2pEPmPKmmm
                0x080031ba       0x76 ..\obj\Dma.o
                0x080031ba                STM32F_DMA::m2p(unsigned long*, unsigned long const*, unsigned long, unsigned long)
 .text._ZN10STM32F_DMA7commandE15FunctionalState
                0x08003230       0x22 ..\obj\Dma.o
                0x08003230                STM32F_DMA::command(FunctionalState)
 .text.GPIO_Terminal_Init
                0x08003252       0x3a ..\obj\peripheral.o
                0x08003252                GPIO_Terminal_Init
 .text._sbrk    0x0800328c       0x3c ..\obj\syscalls.o
                0x0800328c                _sbrk
 .text._close   0x080032c8       0x16 ..\obj\syscalls.o
                0x080032c8                _close
 .text._fstat   0x080032de       0x1e ..\obj\syscalls.o
                0x080032de                _fstat
 .text._isatty  0x080032fc       0x14 ..\obj\syscalls.o
                0x080032fc                _isatty
 .text._lseek   0x08003310       0x18 ..\obj\syscalls.o
                0x08003310                _lseek
 .text._read    0x08003328       0x18 ..\obj\syscalls.o
                0x08003328                _read
 .text._write   0x08003340       0x18 ..\obj\syscalls.o
                0x08003340                _write
 .text.abort    0x08003358        0x6 ..\obj\syscalls.o
                0x08003358                abort
 *fill*         0x0800335e        0x2 
 .text.NMI_Handler
                0x08003360       0x1c ..\obj\stm32f10x_it.o
                0x08003360                NMI_Handler
 .text.HardFault_Handler
                0x0800337c       0x14 ..\obj\stm32f10x_it.o
                0x0800337c                HardFault_Handler
 .text.MemManage_Handler
                0x08003390       0x14 ..\obj\stm32f10x_it.o
                0x08003390                MemManage_Handler
 .text.BusFault_Handler
                0x080033a4       0x14 ..\obj\stm32f10x_it.o
                0x080033a4                BusFault_Handler
 .text.UsageFault_Handler
                0x080033b8       0x14 ..\obj\stm32f10x_it.o
                0x080033b8                UsageFault_Handler
 .text.SVC_Handler
                0x080033cc        0xc ..\obj\stm32f10x_it.o
                0x080033cc                SVC_Handler
 .text.DebugMon_Handler
                0x080033d8        0xc ..\obj\stm32f10x_it.o
                0x080033d8                DebugMon_Handler
 .text.PendSV_Handler
                0x080033e4        0xc ..\obj\stm32f10x_it.o
                0x080033e4                PendSV_Handler
 .text.SysTick_Handler
                0x080033f0       0x60 ..\obj\stm32f10x_it.o
                0x080033f0                SysTick_Handler
 .text._ZN8ARC_TESTC2Ev
                0x08003450       0x14 ..\obj\arcTest.o
                0x08003450                ARC_TEST::ARC_TEST()
                0x08003450                ARC_TEST::ARC_TEST()
 .text._ZN8ARC_TESTD2Ev
                0x08003464       0x14 ..\obj\arcTest.o
                0x08003464                ARC_TEST::~ARC_TEST()
                0x08003464                ARC_TEST::~ARC_TEST()
 .text._ZN8ARC_TEST8gpioInitEv
                0x08003478       0x8c ..\obj\arcTest.o
                0x08003478                ARC_TEST::gpioInit()
 .text.DMA_DeInit
                0x08003504      0x178 ..\obj\stm32f10x_dma.o
                0x08003504                DMA_DeInit
 .text.DMA_Init
                0x0800367c       0x7c ..\obj\stm32f10x_dma.o
                0x0800367c                DMA_Init
 .text.DMA_StructInit
                0x080036f8       0x54 ..\obj\stm32f10x_dma.o
                0x080036f8                DMA_StructInit
 .text.DMA_Cmd  0x0800374c       0x38 ..\obj\stm32f10x_dma.o
                0x0800374c                DMA_Cmd
 .text.DMA_GetITStatus
                0x08003784       0x50 ..\obj\stm32f10x_dma.o
                0x08003784                DMA_GetITStatus
 .text.DMA_ClearITPendingBit
                0x080037d4       0x34 ..\obj\stm32f10x_dma.o
                0x080037d4                DMA_ClearITPendingBit
 .text.NVIC_PriorityGroupConfig
                0x08003808       0x24 ..\obj\misc.o
                0x08003808                NVIC_PriorityGroupConfig
 .text.NVIC_Init
                0x0800382c       0xc4 ..\obj\misc.o
                0x0800382c                NVIC_Init
 .text.NVIC_SetVectorTable
                0x080038f0       0x2c ..\obj\misc.o
                0x080038f0                NVIC_SetVectorTable
 .text.Select_SCI
                0x0800391c       0x5c ..\obj\usart.o
 .text.SCI_Init
                0x08003978      0x208 ..\obj\usart.o
                0x08003978                SCI_Init
 .text.SCI_Deinit
                0x08003b80       0xbc ..\obj\usart.o
                0x08003b80                SCI_Deinit
 .text.SCI_Puts
                0x08003c3c       0xc8 ..\obj\usart.o
                0x08003c3c                SCI_Puts
 .text.SndSizeOfBuf
                0x08003d04       0x68 ..\obj\usart.o
                0x08003d04                SndSizeOfBuf
 .text.SCI_ISR  0x08003d6c      0x1e0 ..\obj\usart.o
                0x08003d6c                SCI_ISR
 .text.USART1_IRQHandler
                0x08003f4c        0xe ..\obj\usart.o
                0x08003f4c                USART1_IRQHandler
 .text.USART2_IRQHandler
                0x08003f5a        0xe ..\obj\usart.o
                0x08003f5a                USART2_IRQHandler
 .text.USART3_IRQHandler
                0x08003f68        0xe ..\obj\usart.o
                0x08003f68                USART3_IRQHandler
 .text.UART4_IRQHandler
                0x08003f76        0xe ..\obj\usart.o
                0x08003f76                UART4_IRQHandler
 .text.UART5_IRQHandler
                0x08003f84        0xe ..\obj\usart.o
                0x08003f84                UART5_IRQHandler
 *fill*         0x08003f92        0x2 
 .text.sin      0x08003f94       0x90 c:/program files (x86)/gnu tools arm embedded/7 2017-q4-major/bin/../lib/gcc/arm-none-eabi/7.2.1/../../../../arm-none-eabi/lib/thumb/v7-m\libm.a(lib_a-s_sin.o)
                0x08003f94                sin
 *fill*         0x08004024        0x4 
 .text.__ieee754_rem_pio2
                0x08004028      0x43c c:/program files (x86)/gnu tools arm embedded/7 2017-q4-major/bin/../lib/gcc/arm-none-eabi/7.2.1/../../../../arm-none-eabi/lib/thumb/v7-m\libm.a(lib_a-e_rem_pio2.o)
                0x08004028                __ieee754_rem_pio2
 *fill*         0x08004464        0x4 
 .text.__kernel_cos
                0x08004468      0x248 c:/program files (x86)/gnu tools arm embedded/7 2017-q4-major/bin/../lib/gcc/arm-none-eabi/7.2.1/../../../../arm-none-eabi/lib/thumb/v7-m\libm.a(lib_a-k_cos.o)
                0x08004468                __kernel_cos
 .text.__kernel_rem_pio2
                0x080046b0      0x850 c:/program files (x86)/gnu tools arm embedded/7 2017-q4-major/bin/../lib/gcc/arm-none-eabi/7.2.1/../../../../arm-none-eabi/lib/thumb/v7-m\libm.a(lib_a-k_rem_pio2.o)
                0x080046b0                __kernel_rem_pio2
 .text.__kernel_sin
                0x08004f00      0x16c c:/program files (x86)/gnu tools arm embedded/7 2017-q4-major/bin/../lib/gcc/arm-none-eabi/7.2.1/../../../../arm-none-eabi/lib/thumb/v7-m\libm.a(lib_a-k_sin.o)
                0x08004f00                __kernel_sin
 .text.fabs     0x0800506c        0x8 c:/program files (x86)/gnu tools arm embedded/7 2017-q4-major/bin/../lib/gcc/arm-none-eabi/7.2.1/../../../../arm-none-eabi/lib/thumb/v7-m\libm.a(lib_a-s_fabs.o)
                0x0800506c                fabs
 *fill*         0x08005074        0x4 
 .text.floor    0x08005078      0x108 c:/program files (x86)/gnu tools arm embedded/7 2017-q4-major/bin/../lib/gcc/arm-none-eabi/7.2.1/../../../../arm-none-eabi/lib/thumb/v7-m\libm.a(lib_a-s_floor.o)
                0x08005078                floor
 .text.scalbn   0x08005180       0xe4 c:/program files (x86)/gnu tools arm embedded/7 2017-q4-major/bin/../lib/gcc/arm-none-eabi/7.2.1/../../../../arm-none-eabi/lib/thumb/v7-m\libm.a(lib_a-s_scalbn.o)
                0x08005180                scalbn
 .text.copysign
                0x08005264       0x10 c:/program files (x86)/gnu tools arm embedded/7 2017-q4-major/bin/../lib/gcc/arm-none-eabi/7.2.1/../../../../arm-none-eabi/lib/thumb/v7-m\libm.a(lib_a-s_copysign.o)
                0x08005264                copysign
 .text          0x08005274      0x378 c:/program files (x86)/gnu tools arm embedded/7 2017-q4-major/bin/../lib/gcc/arm-none-eabi/7.2.1/thumb/v7-m\libgcc.a(_arm_addsubdf3.o)
                0x08005274                __aeabi_drsub
                0x0800527c                __aeabi_dsub
                0x0800527c                __subdf3
                0x08005280                __aeabi_dadd
                0x08005280                __adddf3
                0x080054f8                __floatunsidf
                0x080054f8                __aeabi_ui2d
                0x08005518                __floatsidf
                0x08005518                __aeabi_i2d
                0x0800553c                __aeabi_f2d
                0x0800553c                __extendsfdf2
                0x08005580                __floatundidf
                0x08005580                __aeabi_ul2d
                0x08005590                __floatdidf
                0x08005590                __aeabi_l2d
 .text          0x080055ec      0x424 c:/program files (x86)/gnu tools arm embedded/7 2017-q4-major/bin/../lib/gcc/arm-none-eabi/7.2.1/thumb/v7-m\libgcc.a(_arm_muldivdf3.o)
                0x080055ec                __aeabi_dmul
                0x080055ec                __muldf3
                0x08005840                __divdf3
                0x08005840                __aeabi_ddiv
 .text          0x08005a10      0x110 c:/program files (x86)/gnu tools arm embedded/7 2017-q4-major/bin/../lib/gcc/arm-none-eabi/7.2.1/thumb/v7-m\libgcc.a(_arm_cmpdf2.o)
                0x08005a10                __gtdf2
                0x08005a10                __gedf2
                0x08005a18                __ltdf2
                0x08005a18                __ledf2
                0x08005a20                __nedf2
                0x08005a20                __eqdf2
                0x08005a20                __cmpdf2
                0x08005a9c                __aeabi_cdrcmple
                0x08005aac                __aeabi_cdcmpeq
                0x08005aac                __aeabi_cdcmple
                0x08005abc                __aeabi_dcmpeq
                0x08005ad0                __aeabi_dcmplt
                0x08005ae4                __aeabi_dcmple
                0x08005af8                __aeabi_dcmpge
                0x08005b0c                __aeabi_dcmpgt
 .text          0x08005b20       0x2c c:/program files (x86)/gnu tools arm embedded/7 2017-q4-major/bin/../lib/gcc/arm-none-eabi/7.2.1/thumb/v7-m\libgcc.a(_arm_unorddf2.o)
                0x08005b20                __unorddf2
                0x08005b20                __aeabi_dcmpun
 .text          0x08005b4c       0x50 c:/program files (x86)/gnu tools arm embedded/7 2017-q4-major/bin/../lib/gcc/arm-none-eabi/7.2.1/thumb/v7-m\libgcc.a(_arm_fixdfsi.o)
                0x08005b4c                __aeabi_d2iz
                0x08005b4c                __fixdfsi
 .text          0x08005b9c       0xa0 c:/program files (x86)/gnu tools arm embedded/7 2017-q4-major/bin/../lib/gcc/arm-none-eabi/7.2.1/thumb/v7-m\libgcc.a(_arm_truncdfsf2.o)
                0x08005b9c                __truncdfsf2
                0x08005b9c                __aeabi_d2f
 .text          0x08005c3c      0x21c c:/program files (x86)/gnu tools arm embedded/7 2017-q4-major/bin/../lib/gcc/arm-none-eabi/7.2.1/thumb/v7-m\libgcc.a(_arm_addsubsf3.o)
                0x08005c3c                __aeabi_frsub
                0x08005c44                __subsf3
                0x08005c44                __aeabi_fsub
                0x08005c48                __aeabi_fadd
                0x08005c48                __addsf3
                0x08005da8                __aeabi_ui2f
                0x08005da8                __floatunsisf
                0x08005db0                __aeabi_i2f
                0x08005db0                __floatsisf
                0x08005dcc                __aeabi_ul2f
                0x08005dcc                __floatundisf
                0x08005ddc                __aeabi_l2f
                0x08005ddc                __floatdisf
 .text          0x08005e58      0x2a0 c:/program files (x86)/gnu tools arm embedded/7 2017-q4-major/bin/../lib/gcc/arm-none-eabi/7.2.1/thumb/v7-m\libgcc.a(_arm_muldivsf3.o)
                0x08005e58                __mulsf3
                0x08005e58                __aeabi_fmul
                0x08005fc0                __aeabi_fdiv
                0x08005fc0                __divsf3
 .text          0x080060f8       0x40 c:/program files (x86)/gnu tools arm embedded/7 2017-q4-major/bin/../lib/gcc/arm-none-eabi/7.2.1/thumb/v7-m\libgcc.a(_arm_fixunssfsi.o)
                0x080060f8                __fixunssfsi
                0x080060f8                __aeabi_f2uiz
 .text          0x08006138       0x30 c:/program files (x86)/gnu tools arm embedded/7 2017-q4-major/bin/../lib/gcc/arm-none-eabi/7.2.1/thumb/v7-m\libgcc.a(_aeabi_uldivmod.o)
                0x08006138                __aeabi_uldivmod
 .text          0x08006168      0x2d0 c:/program files (x86)/gnu tools arm embedded/7 2017-q4-major/bin/../lib/gcc/arm-none-eabi/7.2.1/thumb/v7-m\libgcc.a(_udivmoddi4.o)
                0x08006168                __udivmoddi4
 .text          0x08006438      0xa00 c:/program files (x86)/gnu tools arm embedded/7 2017-q4-major/bin/../lib/gcc/arm-none-eabi/7.2.1/thumb/v7-m\libgcc.a(unwind-arm.o)
                0x080066f4                _Unwind_GetCFA
                0x080066f8                __gnu_Unwind_RaiseException
                0x08006758                __gnu_Unwind_ForcedUnwind
                0x0800676c                __gnu_Unwind_Resume
                0x080067b0                __gnu_Unwind_Resume_or_Rethrow
                0x080067c4                _Unwind_Complete
                0x080067c8                _Unwind_DeleteException
                0x080067d4                _Unwind_VRS_Get
                0x08006818                _Unwind_VRS_Set
                0x08006860                __gnu_Unwind_Backtrace
                0x08006ba8                __aeabi_unwind_cpp_pr0
                0x08006bac                __aeabi_unwind_cpp_pr1
                0x08006bb0                __aeabi_unwind_cpp_pr2
                0x08006bb4                _Unwind_VRS_Pop
 .text          0x08006e38      0x1ac c:/program files (x86)/gnu tools arm embedded/7 2017-q4-major/bin/../lib/gcc/arm-none-eabi/7.2.1/thumb/v7-m\libgcc.a(libunwind.o)
                0x08006e38                __restore_core_regs
                0x08006e38                restore_core_regs
                0x08006e50                __gnu_Unwind_Restore_VFP
                0x08006e58                __gnu_Unwind_Save_VFP
                0x08006e60                __gnu_Unwind_Restore_VFP_D
                0x08006e68                __gnu_Unwind_Save_VFP_D
                0x08006e70                __gnu_Unwind_Restore_VFP_D_16_to_31
                0x08006e78                __gnu_Unwind_Save_VFP_D_16_to_31
                0x08006e80                __gnu_Unwind_Restore_WMMXD
                0x08006ec4                __gnu_Unwind_Save_WMMXD
                0x08006f08                __gnu_Unwind_Restore_WMMXC
                0x08006f1c                __gnu_Unwind_Save_WMMXC
                0x08006f30                ___Unwind_RaiseException
                0x08006f30                _Unwind_RaiseException
                0x08006f54                _Unwind_Resume
                0x08006f54                ___Unwind_Resume
                0x08006f78                _Unwind_Resume_or_Rethrow
                0x08006f78                ___Unwind_Resume_or_Rethrow
                0x08006f9c                _Unwind_ForcedUnwind
                0x08006f9c                ___Unwind_ForcedUnwind
                0x08006fc0                ___Unwind_Backtrace
                0x08006fc0                _Unwind_Backtrace
 .text          0x08006fe4      0x378 c:/program files (x86)/gnu tools arm embedded/7 2017-q4-major/bin/../lib/gcc/arm-none-eabi/7.2.1/thumb/v7-m\libgcc.a(pr-support.o)
                0x0800703c                __gnu_unwind_execute
                0x08007300                __gnu_unwind_frame
                0x0800732c                _Unwind_GetRegionStart
                0x08007338                _Unwind_GetLanguageSpecificData
                0x0800734c                _Unwind_GetDataRelBase
                0x08007354                _Unwind_GetTextRelBase
 .text          0x0800735c        0x4 c:/program files (x86)/gnu tools arm embedded/7 2017-q4-major/bin/../lib/gcc/arm-none-eabi/7.2.1/thumb/v7-m\libgcc.a(_dvmd_tls.o)
                0x0800735c                __aeabi_idiv0
                0x0800735c                __aeabi_ldiv0
 .text.__aeabi_atexit
                0x08007360        0xc c:/program files (x86)/gnu tools arm embedded/7 2017-q4-major/bin/../lib/gcc/arm-none-eabi/7.2.1/../../../../arm-none-eabi/lib/thumb/v7-m\libc.a(lib_a-aeabi_atexit.o)
                0x08007360                __aeabi_atexit
 .text.__cxa_atexit
                0x0800736c        0xc c:/program files (x86)/gnu tools arm embedded/7 2017-q4-major/bin/../lib/gcc/arm-none-eabi/7.2.1/../../../../arm-none-eabi/lib/thumb/v7-m\libc.a(lib_a-cxa_atexit.o)
                0x0800736c                __cxa_atexit
 .text.__locale_mb_cur_max
                0x08007378       0x1c c:/program files (x86)/gnu tools arm embedded/7 2017-q4-major/bin/../lib/gcc/arm-none-eabi/7.2.1/../../../../arm-none-eabi/lib/thumb/v7-m\libc.a(lib_a-locale.o)
                0x08007378                __locale_mb_cur_max
 .text.__locale_ctype_ptr_l
                0x08007394        0x8 c:/program files (x86)/gnu tools arm embedded/7 2017-q4-major/bin/../lib/gcc/arm-none-eabi/7.2.1/../../../../arm-none-eabi/lib/thumb/v7-m\libc.a(lib_a-locale.o)
                0x08007394                __locale_ctype_ptr_l
 .text.__locale_ctype_ptr
                0x0800739c       0x1c c:/program files (x86)/gnu tools arm embedded/7 2017-q4-major/bin/../lib/gcc/arm-none-eabi/7.2.1/../../../../arm-none-eabi/lib/thumb/v7-m\libc.a(lib_a-locale.o)
                0x0800739c                __locale_ctype_ptr
 .text.__ascii_mbtowc
                0x080073b8       0x2c c:/program files (x86)/gnu tools arm embedded/7 2017-q4-major/bin/../lib/gcc/arm-none-eabi/7.2.1/../../../../arm-none-eabi/lib/thumb/v7-m\libc.a(lib_a-mbtowc_r.o)
                0x080073b8                __ascii_mbtowc
 .text          0x080073e4       0xec c:/program files (x86)/gnu tools arm embedded/7 2017-q4-major/bin/../lib/gcc/arm-none-eabi/7.2.1/../../../../arm-none-eabi/lib/thumb/v7-m\libc.a(lib_a-memcpy.o)
                0x080073e4                memcpy
 .text.memset   0x080074d0       0x94 c:/program files (x86)/gnu tools arm embedded/7 2017-q4-major/bin/../lib/gcc/arm-none-eabi/7.2.1/../../../../arm-none-eabi/lib/thumb/v7-m\libc.a(lib_a-memset.o)
                0x080074d0                memset
 .text.validate_structure
                0x08007564      0x20c c:/program files (x86)/gnu tools arm embedded/7 2017-q4-major/bin/../lib/gcc/arm-none-eabi/7.2.1/../../../../arm-none-eabi/lib/thumb/v7-m\libc.a(lib_a-mktime.o)
 .text.mktime   0x08007770      0x44c c:/program files (x86)/gnu tools arm embedded/7 2017-q4-major/bin/../lib/gcc/arm-none-eabi/7.2.1/../../../../arm-none-eabi/lib/thumb/v7-m\libc.a(lib_a-mktime.o)
                0x08007770                mktime
 .text.__sread  0x08007bbc       0x24 c:/program files (x86)/gnu tools arm embedded/7 2017-q4-major/bin/../lib/gcc/arm-none-eabi/7.2.1/../../../../arm-none-eabi/lib/thumb/v7-m\libc.a(lib_a-stdio.o)
                0x08007bbc                __sread
 .text.__seofread
                0x08007be0        0x4 c:/program files (x86)/gnu tools arm embedded/7 2017-q4-major/bin/../lib/gcc/arm-none-eabi/7.2.1/../../../../arm-none-eabi/lib/thumb/v7-m\libc.a(lib_a-stdio.o)
                0x08007be0                __seofread
 .text.__swrite
                0x08007be4       0x3c c:/program files (x86)/gnu tools arm embedded/7 2017-q4-major/bin/../lib/gcc/arm-none-eabi/7.2.1/../../../../arm-none-eabi/lib/thumb/v7-m\libc.a(lib_a-stdio.o)
                0x08007be4                __swrite
 .text.__sseek  0x08007c20       0x20 c:/program files (x86)/gnu tools arm embedded/7 2017-q4-major/bin/../lib/gcc/arm-none-eabi/7.2.1/../../../../arm-none-eabi/lib/thumb/v7-m\libc.a(lib_a-stdio.o)
                0x08007c20                __sseek
 .text.__sclose
                0x08007c40        0x8 c:/program files (x86)/gnu tools arm embedded/7 2017-q4-major/bin/../lib/gcc/arm-none-eabi/7.2.1/../../../../arm-none-eabi/lib/thumb/v7-m\libc.a(lib_a-stdio.o)
                0x08007c40                __sclose
 .text          0x08007c48      0x1bc c:/program files (x86)/gnu tools arm embedded/7 2017-q4-major/bin/../lib/gcc/arm-none-eabi/7.2.1/../../../../arm-none-eabi/lib/thumb/v7-m\libc.a(lib_a-strcmp.o)
                0x08007c48                strcmp
 .text.strcpy   0x08007e04       0xbc c:/program files (x86)/gnu tools arm embedded/7 2017-q4-major/bin/../lib/gcc/arm-none-eabi/7.2.1/../../../../arm-none-eabi/lib/thumb/v7-m\libc.a(lib_a-strcpy.o)
                0x08007e04                strcpy
 .text.strlen   0x08007ec0       0x5c c:/program files (x86)/gnu tools arm embedded/7 2017-q4-major/bin/../lib/gcc/arm-none-eabi/7.2.1/../../../../arm-none-eabi/lib/thumb/v7-m\libc.a(lib_a-strlen-stub.o)
                0x08007ec0                strlen
 .text.strncmp  0x08007f1c       0x94 c:/program files (x86)/gnu tools arm embedded/7 2017-q4-major/bin/../lib/gcc/arm-none-eabi/7.2.1/../../../../arm-none-eabi/lib/thumb/v7-m\libc.a(lib_a-strncmp.o)
                0x08007f1c                strncmp
 .text._strtol_l.isra.0
                0x08007fb0      0x124 c:/program files (x86)/gnu tools arm embedded/7 2017-q4-major/bin/../lib/gcc/arm-none-eabi/7.2.1/../../../../arm-none-eabi/lib/thumb/v7-m\libc.a(lib_a-strtol.o)
 .text._strtol_r
                0x080080d4       0x24 c:/program files (x86)/gnu tools arm embedded/7 2017-q4-major/bin/../lib/gcc/arm-none-eabi/7.2.1/../../../../arm-none-eabi/lib/thumb/v7-m\libc.a(lib_a-strtol.o)
                0x080080d4                _strtol_r
 .text.__tzcalc_limits
                0x080080f8      0x190 c:/program files (x86)/gnu tools arm embedded/7 2017-q4-major/bin/../lib/gcc/arm-none-eabi/7.2.1/../../../../arm-none-eabi/lib/thumb/v7-m\libc.a(lib_a-tzcalc_limits.o)
                0x080080f8                __tzcalc_limits
 .text.__tz_lock
                0x08008288        0xc c:/program files (x86)/gnu tools arm embedded/7 2017-q4-major/bin/../lib/gcc/arm-none-eabi/7.2.1/../../../../arm-none-eabi/lib/thumb/v7-m\libc.a(lib_a-tzlock.o)
                0x08008288                __tz_lock
 .text.__tz_unlock
                0x08008294        0xc c:/program files (x86)/gnu tools arm embedded/7 2017-q4-major/bin/../lib/gcc/arm-none-eabi/7.2.1/../../../../arm-none-eabi/lib/thumb/v7-m\libc.a(lib_a-tzlock.o)
                0x08008294                __tz_unlock
 .text._tzset_unlocked
                0x080082a0        0xc c:/program files (x86)/gnu tools arm embedded/7 2017-q4-major/bin/../lib/gcc/arm-none-eabi/7.2.1/../../../../arm-none-eabi/lib/thumb/v7-m\libc.a(lib_a-tzset.o)
                0x080082a0                _tzset_unlocked
 .text._tzset_unlocked_r
                0x080082ac      0x330 c:/program files (x86)/gnu tools arm embedded/7 2017-q4-major/bin/../lib/gcc/arm-none-eabi/7.2.1/../../../../arm-none-eabi/lib/thumb/v7-m\libc.a(lib_a-tzset_r.o)
                0x080082ac                _tzset_unlocked_r
 .text._vsnprintf_r
                0x080085dc       0x6c c:/program files (x86)/gnu tools arm embedded/7 2017-q4-major/bin/../lib/gcc/arm-none-eabi/7.2.1/../../../../arm-none-eabi/lib/thumb/v7-m\libc.a(lib_a-vsnprintf.o)
                0x080085dc                _vsnprintf_r
 .text.vsnprintf
                0x08008648       0x20 c:/program files (x86)/gnu tools arm embedded/7 2017-q4-major/bin/../lib/gcc/arm-none-eabi/7.2.1/../../../../arm-none-eabi/lib/thumb/v7-m\libc.a(lib_a-vsnprintf.o)
                0x08008648                vsnprintf
 .text.__ascii_wctomb
                0x08008668       0x18 c:/program files (x86)/gnu tools arm embedded/7 2017-q4-major/bin/../lib/gcc/arm-none-eabi/7.2.1/../../../../arm-none-eabi/lib/thumb/v7-m\libc.a(lib_a-wctomb_r.o)
                0x08008668                __ascii_wctomb
 .text._write_r
                0x08008680       0x2c c:/program files (x86)/gnu tools arm embedded/7 2017-q4-major/bin/../lib/gcc/arm-none-eabi/7.2.1/../../../../arm-none-eabi/lib/thumb/v7-m\libc.a(lib_a-writer.o)
                0x08008680                _write_r
 .text.__register_exitproc
                0x080086ac       0xc0 c:/program files (x86)/gnu tools arm embedded/7 2017-q4-major/bin/../lib/gcc/arm-none-eabi/7.2.1/../../../../arm-none-eabi/lib/thumb/v7-m\libc.a(lib_a-__atexit.o)
                0x080086ac                __register_exitproc
 .text.startup.register_fini
                0x0800876c       0x14 c:/program files (x86)/gnu tools arm embedded/7 2017-q4-major/bin/../lib/gcc/arm-none-eabi/7.2.1/../../../../arm-none-eabi/lib/thumb/v7-m\libc.a(lib_a-__call_atexit.o)
 .text.atexit   0x08008780        0xc c:/program files (x86)/gnu tools arm embedded/7 2017-q4-major/bin/../lib/gcc/arm-none-eabi/7.2.1/../../../../arm-none-eabi/lib/thumb/v7-m\libc.a(lib_a-atexit.o)
                0x08008780                atexit
 .text._close_r
                0x0800878c       0x24 c:/program files (x86)/gnu tools arm embedded/7 2017-q4-major/bin/../lib/gcc/arm-none-eabi/7.2.1/../../../../arm-none-eabi/lib/thumb/v7-m\libc.a(lib_a-closer.o)
                0x0800878c                _close_r
 .text.div      0x080087b0       0x38 c:/program files (x86)/gnu tools arm embedded/7 2017-q4-major/bin/../lib/gcc/arm-none-eabi/7.2.1/../../../../arm-none-eabi/lib/thumb/v7-m\libc.a(lib_a-div.o)
                0x080087b0                div
 .text.__libc_fini_array
                0x080087e8       0x34 c:/program files (x86)/gnu tools arm embedded/7 2017-q4-major/bin/../lib/gcc/arm-none-eabi/7.2.1/../../../../arm-none-eabi/lib/thumb/v7-m\libc.a(lib_a-fini.o)
                0x080087e8                __libc_fini_array
 .text._findenv_r
                0x0800881c       0x7c c:/program files (x86)/gnu tools arm embedded/7 2017-q4-major/bin/../lib/gcc/arm-none-eabi/7.2.1/../../../../arm-none-eabi/lib/thumb/v7-m\libc.a(lib_a-getenv_r.o)
                0x0800881c                _findenv_r
 .text._getenv_r
                0x08008898       0x10 c:/program files (x86)/gnu tools arm embedded/7 2017-q4-major/bin/../lib/gcc/arm-none-eabi/7.2.1/../../../../arm-none-eabi/lib/thumb/v7-m\libc.a(lib_a-getenv_r.o)
                0x08008898                _getenv_r
 .text.__gettzinfo
                0x080088a8        0x8 c:/program files (x86)/gnu tools arm embedded/7 2017-q4-major/bin/../lib/gcc/arm-none-eabi/7.2.1/../../../../arm-none-eabi/lib/thumb/v7-m\libc.a(lib_a-gettzinfo.o)
                0x080088a8                __gettzinfo
 .text.iswspace
                0x080088b0       0x1c c:/program files (x86)/gnu tools arm embedded/7 2017-q4-major/bin/../lib/gcc/arm-none-eabi/7.2.1/../../../../arm-none-eabi/lib/thumb/v7-m\libc.a(lib_a-iswspace.o)
                0x080088b0                iswspace
 .text._localeconv_r
                0x080088cc       0x1c c:/program files (x86)/gnu tools arm embedded/7 2017-q4-major/bin/../lib/gcc/arm-none-eabi/7.2.1/../../../../arm-none-eabi/lib/thumb/v7-m\libc.a(lib_a-localeconv.o)
                0x080088cc                _localeconv_r
 .text.__retarget_lock_init_recursive
                0x080088e8        0x4 c:/program files (x86)/gnu tools arm embedded/7 2017-q4-major/bin/../lib/gcc/arm-none-eabi/7.2.1/../../../../arm-none-eabi/lib/thumb/v7-m\libc.a(lib_a-lock.o)
                0x080088e8                __retarget_lock_init_recursive
 .text.__retarget_lock_close_recursive
                0x080088ec        0x4 c:/program files (x86)/gnu tools arm embedded/7 2017-q4-major/bin/../lib/gcc/arm-none-eabi/7.2.1/../../../../arm-none-eabi/lib/thumb/v7-m\libc.a(lib_a-lock.o)
                0x080088ec                __retarget_lock_close_recursive
 .text.__retarget_lock_acquire
                0x080088f0        0x4 c:/program files (x86)/gnu tools arm embedded/7 2017-q4-major/bin/../lib/gcc/arm-none-eabi/7.2.1/../../../../arm-none-eabi/lib/thumb/v7-m\libc.a(lib_a-lock.o)
                0x080088f0                __retarget_lock_acquire
 .text.__retarget_lock_acquire_recursive
                0x080088f4        0x4 c:/program files (x86)/gnu tools arm embedded/7 2017-q4-major/bin/../lib/gcc/arm-none-eabi/7.2.1/../../../../arm-none-eabi/lib/thumb/v7-m\libc.a(lib_a-lock.o)
                0x080088f4                __retarget_lock_acquire_recursive
 .text.__retarget_lock_release
                0x080088f8        0x4 c:/program files (x86)/gnu tools arm embedded/7 2017-q4-major/bin/../lib/gcc/arm-none-eabi/7.2.1/../../../../arm-none-eabi/lib/thumb/v7-m\libc.a(lib_a-lock.o)
                0x080088f8                __retarget_lock_release
 .text.__retarget_lock_release_recursive
                0x080088fc        0x4 c:/program files (x86)/gnu tools arm embedded/7 2017-q4-major/bin/../lib/gcc/arm-none-eabi/7.2.1/../../../../arm-none-eabi/lib/thumb/v7-m\libc.a(lib_a-lock.o)
                0x080088fc                __retarget_lock_release_recursive
 .text._lseek_r
                0x08008900       0x2c c:/program files (x86)/gnu tools arm embedded/7 2017-q4-major/bin/../lib/gcc/arm-none-eabi/7.2.1/../../../../arm-none-eabi/lib/thumb/v7-m\libc.a(lib_a-lseekr.o)
                0x08008900                _lseek_r
 .text.malloc   0x0800892c       0x10 c:/program files (x86)/gnu tools arm embedded/7 2017-q4-major/bin/../lib/gcc/arm-none-eabi/7.2.1/../../../../arm-none-eabi/lib/thumb/v7-m\libc.a(lib_a-malloc.o)
                0x0800892c                malloc
 .text.free     0x0800893c       0x10 c:/program files (x86)/gnu tools arm embedded/7 2017-q4-major/bin/../lib/gcc/arm-none-eabi/7.2.1/../../../../arm-none-eabi/lib/thumb/v7-m\libc.a(lib_a-malloc.o)
                0x0800893c                free
 .text._malloc_r
                0x0800894c      0x524 c:/program files (x86)/gnu tools arm embedded/7 2017-q4-major/bin/../lib/gcc/arm-none-eabi/7.2.1/../../../../arm-none-eabi/lib/thumb/v7-m\libc.a(lib_a-mallocr.o)
                0x0800894c                _malloc_r
 .text._mbrtowc_r
                0x08008e70       0x5c c:/program files (x86)/gnu tools arm embedded/7 2017-q4-major/bin/../lib/gcc/arm-none-eabi/7.2.1/../../../../arm-none-eabi/lib/thumb/v7-m\libc.a(lib_a-mbrtowc.o)
                0x08008e70                _mbrtowc_r
 .text.__malloc_lock
                0x08008ecc        0xc c:/program files (x86)/gnu tools arm embedded/7 2017-q4-major/bin/../lib/gcc/arm-none-eabi/7.2.1/../../../../arm-none-eabi/lib/thumb/v7-m\libc.a(lib_a-mlock.o)
                0x08008ecc                __malloc_lock
 .text.__malloc_unlock
                0x08008ed8        0xc c:/program files (x86)/gnu tools arm embedded/7 2017-q4-major/bin/../lib/gcc/arm-none-eabi/7.2.1/../../../../arm-none-eabi/lib/thumb/v7-m\libc.a(lib_a-mlock.o)
                0x08008ed8                __malloc_unlock
 .text._read_r  0x08008ee4       0x2c c:/program files (x86)/gnu tools arm embedded/7 2017-q4-major/bin/../lib/gcc/arm-none-eabi/7.2.1/../../../../arm-none-eabi/lib/thumb/v7-m\libc.a(lib_a-readr.o)
                0x08008ee4                _read_r
 .text._sbrk_r  0x08008f10       0x24 c:/program files (x86)/gnu tools arm embedded/7 2017-q4-major/bin/../lib/gcc/arm-none-eabi/7.2.1/../../../../arm-none-eabi/lib/thumb/v7-m\libc.a(lib_a-sbrkr.o)
                0x08008f10                _sbrk_r
 .text.__sccl   0x08008f34       0x70 c:/program files (x86)/gnu tools arm embedded/7 2017-q4-major/bin/../lib/gcc/arm-none-eabi/7.2.1/../../../../arm-none-eabi/lib/thumb/v7-m\libc.a(lib_a-sccl.o)
                0x08008f34                __sccl
 .text.siscanf  0x08008fa4       0x58 c:/program files (x86)/gnu tools arm embedded/7 2017-q4-major/bin/../lib/gcc/arm-none-eabi/7.2.1/../../../../arm-none-eabi/lib/thumb/v7-m\libc.a(lib_a-siscanf.o)
                0x08008fa4                siscanf
 .text.sprintf  0x08008ffc       0x44 c:/program files (x86)/gnu tools arm embedded/7 2017-q4-major/bin/../lib/gcc/arm-none-eabi/7.2.1/../../../../arm-none-eabi/lib/thumb/v7-m\libc.a(lib_a-sprintf.o)
                0x08008ffc                sprintf
 .text._strtoll_l.isra.0
                0x08009040      0x19c c:/program files (x86)/gnu tools arm embedded/7 2017-q4-major/bin/../lib/gcc/arm-none-eabi/7.2.1/../../../../arm-none-eabi/lib/thumb/v7-m\libc.a(lib_a-strtoll.o)
 .text._strtoll_r
                0x080091dc       0x24 c:/program files (x86)/gnu tools arm embedded/7 2017-q4-major/bin/../lib/gcc/arm-none-eabi/7.2.1/../../../../arm-none-eabi/lib/thumb/v7-m\libc.a(lib_a-strtoll.o)
                0x080091dc                _strtoll_r
 .text._strtoul_l.isra.0
                0x08009200      0x14c c:/program files (x86)/gnu tools arm embedded/7 2017-q4-major/bin/../lib/gcc/arm-none-eabi/7.2.1/../../../../arm-none-eabi/lib/thumb/v7-m\libc.a(lib_a-strtoul.o)
 .text._strtoul_r
                0x0800934c       0x24 c:/program files (x86)/gnu tools arm embedded/7 2017-q4-major/bin/../lib/gcc/arm-none-eabi/7.2.1/../../../../arm-none-eabi/lib/thumb/v7-m\libc.a(lib_a-strtoul.o)
                0x0800934c                _strtoul_r
 .text.strtoul  0x08009370       0x2c c:/program files (x86)/gnu tools arm embedded/7 2017-q4-major/bin/../lib/gcc/arm-none-eabi/7.2.1/../../../../arm-none-eabi/lib/thumb/v7-m\libc.a(lib_a-strtoul.o)
                0x08009370                strtoul
 .text._strtoull_l.isra.0
                0x0800939c      0x1cc c:/program files (x86)/gnu tools arm embedded/7 2017-q4-major/bin/../lib/gcc/arm-none-eabi/7.2.1/../../../../arm-none-eabi/lib/thumb/v7-m\libc.a(lib_a-strtoull.o)
 .text._strtoull_r
                0x08009568       0x24 c:/program files (x86)/gnu tools arm embedded/7 2017-q4-major/bin/../lib/gcc/arm-none-eabi/7.2.1/../../../../arm-none-eabi/lib/thumb/v7-m\libc.a(lib_a-strtoull.o)
                0x08009568                _strtoull_r
 .text._sungetc_r
                0x0800958c       0x7c c:/program files (x86)/gnu tools arm embedded/7 2017-q4-major/bin/../lib/gcc/arm-none-eabi/7.2.1/../../../../arm-none-eabi/lib/thumb/v7-m\libc.a(lib_a-svfiscanf.o)
                0x0800958c                _sungetc_r
 .text.__ssrefill_r
                0x08009608       0x3c c:/program files (x86)/gnu tools arm embedded/7 2017-q4-major/bin/../lib/gcc/arm-none-eabi/7.2.1/../../../../arm-none-eabi/lib/thumb/v7-m\libc.a(lib_a-svfiscanf.o)
                0x08009608                __ssrefill_r
 .text._sfread_r
                0x08009644       0x78 c:/program files (x86)/gnu tools arm embedded/7 2017-q4-major/bin/../lib/gcc/arm-none-eabi/7.2.1/../../../../arm-none-eabi/lib/thumb/v7-m\libc.a(lib_a-svfiscanf.o)
                0x08009644                _sfread_r
 .text.__ssvfiscanf_r
                0x080096bc      0x944 c:/program files (x86)/gnu tools arm embedded/7 2017-q4-major/bin/../lib/gcc/arm-none-eabi/7.2.1/../../../../arm-none-eabi/lib/thumb/v7-m\libc.a(lib_a-svfiscanf.o)
                0x080096bc                __ssvfiscanf_r
 .text._svfprintf_r
                0x0800a000     0x14ec c:/program files (x86)/gnu tools arm embedded/7 2017-q4-major/bin/../lib/gcc/arm-none-eabi/7.2.1/../../../../arm-none-eabi/lib/thumb/v7-m\libc.a(lib_a-svfprintf.o)
                0x0800a000                _svfprintf_r
 .text.__submore
                0x0800b4ec       0x78 c:/program files (x86)/gnu tools arm embedded/7 2017-q4-major/bin/../lib/gcc/arm-none-eabi/7.2.1/../../../../arm-none-eabi/lib/thumb/v7-m\libc.a(lib_a-ungetc.o)
                0x0800b4ec                __submore
 .text.quorem   0x0800b564      0x124 c:/program files (x86)/gnu tools arm embedded/7 2017-q4-major/bin/../lib/gcc/arm-none-eabi/7.2.1/../../../../arm-none-eabi/lib/thumb/v7-m\libc.a(lib_a-dtoa.o)
 .text._dtoa_r  0x0800b688      0xe30 c:/program files (x86)/gnu tools arm embedded/7 2017-q4-major/bin/../lib/gcc/arm-none-eabi/7.2.1/../../../../arm-none-eabi/lib/thumb/v7-m\libc.a(lib_a-dtoa.o)
                0x0800b688                _dtoa_r
 .text.__env_lock
                0x0800c4b8        0xc c:/program files (x86)/gnu tools arm embedded/7 2017-q4-major/bin/../lib/gcc/arm-none-eabi/7.2.1/../../../../arm-none-eabi/lib/thumb/v7-m\libc.a(lib_a-envlock.o)
                0x0800c4b8                __env_lock
 .text.__env_unlock
                0x0800c4c4        0xc c:/program files (x86)/gnu tools arm embedded/7 2017-q4-major/bin/../lib/gcc/arm-none-eabi/7.2.1/../../../../arm-none-eabi/lib/thumb/v7-m\libc.a(lib_a-envlock.o)
                0x0800c4c4                __env_unlock
 .text.__sflush_r
                0x0800c4d0      0x154 c:/program files (x86)/gnu tools arm embedded/7 2017-q4-major/bin/../lib/gcc/arm-none-eabi/7.2.1/../../../../arm-none-eabi/lib/thumb/v7-m\libc.a(lib_a-fflush.o)
                0x0800c4d0                __sflush_r
 .text._fflush_r
                0x0800c624       0x5c c:/program files (x86)/gnu tools arm embedded/7 2017-q4-major/bin/../lib/gcc/arm-none-eabi/7.2.1/../../../../arm-none-eabi/lib/thumb/v7-m\libc.a(lib_a-fflush.o)
                0x0800c624                _fflush_r
 .text.std      0x0800c680       0x50 c:/program files (x86)/gnu tools arm embedded/7 2017-q4-major/bin/../lib/gcc/arm-none-eabi/7.2.1/../../../../arm-none-eabi/lib/thumb/v7-m\libc.a(lib_a-findfp.o)
 .text._cleanup_r
                0x0800c6d0        0xc c:/program files (x86)/gnu tools arm embedded/7 2017-q4-major/bin/../lib/gcc/arm-none-eabi/7.2.1/../../../../arm-none-eabi/lib/thumb/v7-m\libc.a(lib_a-findfp.o)
                0x0800c6d0                _cleanup_r
 .text.__sinit  0x0800c6dc       0x60 c:/program files (x86)/gnu tools arm embedded/7 2017-q4-major/bin/../lib/gcc/arm-none-eabi/7.2.1/../../../../arm-none-eabi/lib/thumb/v7-m\libc.a(lib_a-findfp.o)
                0x0800c6dc                __sinit
 .text.__sfp_lock_acquire
                0x0800c73c        0xc c:/program files (x86)/gnu tools arm embedded/7 2017-q4-major/bin/../lib/gcc/arm-none-eabi/7.2.1/../../../../arm-none-eabi/lib/thumb/v7-m\libc.a(lib_a-findfp.o)
                0x0800c73c                __sfp_lock_acquire
 .text.__sfp_lock_release
                0x0800c748        0xc c:/program files (x86)/gnu tools arm embedded/7 2017-q4-major/bin/../lib/gcc/arm-none-eabi/7.2.1/../../../../arm-none-eabi/lib/thumb/v7-m\libc.a(lib_a-findfp.o)
                0x0800c748                __sfp_lock_release
 .text._malloc_trim_r
                0x0800c754       0xa0 c:/program files (x86)/gnu tools arm embedded/7 2017-q4-major/bin/../lib/gcc/arm-none-eabi/7.2.1/../../../../arm-none-eabi/lib/thumb/v7-m\libc.a(lib_a-freer.o)
                0x0800c754                _malloc_trim_r
 .text._free_r  0x0800c7f4      0x1e8 c:/program files (x86)/gnu tools arm embedded/7 2017-q4-major/bin/../lib/gcc/arm-none-eabi/7.2.1/../../../../arm-none-eabi/lib/thumb/v7-m\libc.a(lib_a-freer.o)
                0x0800c7f4                _free_r
 .text._fwalk_reent
                0x0800c9dc       0x50 c:/program files (x86)/gnu tools arm embedded/7 2017-q4-major/bin/../lib/gcc/arm-none-eabi/7.2.1/../../../../arm-none-eabi/lib/thumb/v7-m\libc.a(lib_a-fwalk.o)
                0x0800c9dc                _fwalk_reent
 .text.memchr   0x0800ca2c       0x8c c:/program files (x86)/gnu tools arm embedded/7 2017-q4-major/bin/../lib/gcc/arm-none-eabi/7.2.1/../../../../arm-none-eabi/lib/thumb/v7-m\libc.a(lib_a-memchr-stub.o)
                0x0800ca2c                memchr
 .text._Balloc  0x0800cab8       0x4c c:/program files (x86)/gnu tools arm embedded/7 2017-q4-major/bin/../lib/gcc/arm-none-eabi/7.2.1/../../../../arm-none-eabi/lib/thumb/v7-m\libc.a(lib_a-mprec.o)
                0x0800cab8                _Balloc
 .text._Bfree   0x0800cb04       0x14 c:/program files (x86)/gnu tools arm embedded/7 2017-q4-major/bin/../lib/gcc/arm-none-eabi/7.2.1/../../../../arm-none-eabi/lib/thumb/v7-m\libc.a(lib_a-mprec.o)
                0x0800cb04                _Bfree
 .text.__multadd
                0x0800cb18       0x84 c:/program files (x86)/gnu tools arm embedded/7 2017-q4-major/bin/../lib/gcc/arm-none-eabi/7.2.1/../../../../arm-none-eabi/lib/thumb/v7-m\libc.a(lib_a-mprec.o)
                0x0800cb18                __multadd
 .text.__hi0bits
                0x0800cb9c       0x40 c:/program files (x86)/gnu tools arm embedded/7 2017-q4-major/bin/../lib/gcc/arm-none-eabi/7.2.1/../../../../arm-none-eabi/lib/thumb/v7-m\libc.a(lib_a-mprec.o)
                0x0800cb9c                __hi0bits
 .text.__lo0bits
                0x0800cbdc       0x60 c:/program files (x86)/gnu tools arm embedded/7 2017-q4-major/bin/../lib/gcc/arm-none-eabi/7.2.1/../../../../arm-none-eabi/lib/thumb/v7-m\libc.a(lib_a-mprec.o)
                0x0800cbdc                __lo0bits
 .text.__i2b    0x0800cc3c       0x14 c:/program files (x86)/gnu tools arm embedded/7 2017-q4-major/bin/../lib/gcc/arm-none-eabi/7.2.1/../../../../arm-none-eabi/lib/thumb/v7-m\libc.a(lib_a-mprec.o)
                0x0800cc3c                __i2b
 .text.__multiply
                0x0800cc50      0x14c c:/program files (x86)/gnu tools arm embedded/7 2017-q4-major/bin/../lib/gcc/arm-none-eabi/7.2.1/../../../../arm-none-eabi/lib/thumb/v7-m\libc.a(lib_a-mprec.o)
                0x0800cc50                __multiply
 .text.__pow5mult
                0x0800cd9c       0xa0 c:/program files (x86)/gnu tools arm embedded/7 2017-q4-major/bin/../lib/gcc/arm-none-eabi/7.2.1/../../../../arm-none-eabi/lib/thumb/v7-m\libc.a(lib_a-mprec.o)
                0x0800cd9c                __pow5mult
 .text.__lshift
                0x0800ce3c       0xb4 c:/program files (x86)/gnu tools arm embedded/7 2017-q4-major/bin/../lib/gcc/arm-none-eabi/7.2.1/../../../../arm-none-eabi/lib/thumb/v7-m\libc.a(lib_a-mprec.o)
                0x0800ce3c                __lshift
 .text.__mcmp   0x0800cef0       0x38 c:/program files (x86)/gnu tools arm embedded/7 2017-q4-major/bin/../lib/gcc/arm-none-eabi/7.2.1/../../../../arm-none-eabi/lib/thumb/v7-m\libc.a(lib_a-mprec.o)
                0x0800cef0                __mcmp
 .text.__mdiff  0x0800cf28      0x100 c:/program files (x86)/gnu tools arm embedded/7 2017-q4-major/bin/../lib/gcc/arm-none-eabi/7.2.1/../../../../arm-none-eabi/lib/thumb/v7-m\libc.a(lib_a-mprec.o)
                0x0800cf28                __mdiff
 .text.__d2b    0x0800d028       0xb0 c:/program files (x86)/gnu tools arm embedded/7 2017-q4-major/bin/../lib/gcc/arm-none-eabi/7.2.1/../../../../arm-none-eabi/lib/thumb/v7-m\libc.a(lib_a-mprec.o)
                0x0800d028                __d2b
 .text._realloc_r
                0x0800d0d8      0x374 c:/program files (x86)/gnu tools arm embedded/7 2017-q4-major/bin/../lib/gcc/arm-none-eabi/7.2.1/../../../../arm-none-eabi/lib/thumb/v7-m\libc.a(lib_a-reallocr.o)
                0x0800d0d8                _realloc_r
 .text.__ssprint_r
                0x0800d44c       0xf4 c:/program files (x86)/gnu tools arm embedded/7 2017-q4-major/bin/../lib/gcc/arm-none-eabi/7.2.1/../../../../arm-none-eabi/lib/thumb/v7-m\libc.a(lib_a-svfiprintf.o)
                0x0800d44c                __ssprint_r
 .text._calloc_r
                0x0800d540       0x6c c:/program files (x86)/gnu tools arm embedded/7 2017-q4-major/bin/../lib/gcc/arm-none-eabi/7.2.1/../../../../arm-none-eabi/lib/thumb/v7-m\libc.a(lib_a-callocr.o)
                0x0800d540                _calloc_r
 .text._fclose_r
                0x0800d5ac       0xd0 c:/program files (x86)/gnu tools arm embedded/7 2017-q4-major/bin/../lib/gcc/arm-none-eabi/7.2.1/../../../../arm-none-eabi/lib/thumb/v7-m\libc.a(lib_a-fclose.o)
                0x0800d5ac                _fclose_r
 .text.memmove  0x0800d67c       0xc4 c:/program files (x86)/gnu tools arm embedded/7 2017-q4-major/bin/../lib/gcc/arm-none-eabi/7.2.1/../../../../arm-none-eabi/lib/thumb/v7-m\libc.a(lib_a-memmove.o)
                0x0800d67c                memmove
 .text._ZL28read_encoded_value_with_basehjPKhPj
                0x0800d740       0xc0 c:/program files (x86)/gnu tools arm embedded/7 2017-q4-major/bin/../lib/gcc/arm-none-eabi/7.2.1/../../../../arm-none-eabi/lib/thumb/v7-m\libstdc++.a(eh_personality.o)
 .text._ZL21base_of_encoded_valuehP15_Unwind_Context.part.3
                0x0800d800       0x38 c:/program files (x86)/gnu tools arm embedded/7 2017-q4-major/bin/../lib/gcc/arm-none-eabi/7.2.1/../../../../arm-none-eabi/lib/thumb/v7-m\libstdc++.a(eh_personality.o)
 .text._ZL17parse_lsda_headerP15_Unwind_ContextPKhP16lsda_header_info
                0x0800d838       0x90 c:/program files (x86)/gnu tools arm embedded/7 2017-q4-major/bin/../lib/gcc/arm-none-eabi/7.2.1/../../../../arm-none-eabi/lib/thumb/v7-m\libstdc++.a(eh_personality.o)
 .text.__gxx_personality_v0
                0x0800d8c8      0x4e4 c:/program files (x86)/gnu tools arm embedded/7 2017-q4-major/bin/../lib/gcc/arm-none-eabi/7.2.1/../../../../arm-none-eabi/lib/thumb/v7-m\libstdc++.a(eh_personality.o)
                0x0800d8c8                __gxx_personality_v0
 .text._ZN10__cxxabiv1L24__is_gxx_exception_classEPc
                0x0800ddac       0x3c c:/program files (x86)/gnu tools arm embedded/7 2017-q4-major/bin/../lib/gcc/arm-none-eabi/7.2.1/../../../../arm-none-eabi/lib/thumb/v7-m\libstdc++.a(eh_call.o)
 .text.__cxa_call_terminate
                0x0800dde8       0x20 c:/program files (x86)/gnu tools arm embedded/7 2017-q4-major/bin/../lib/gcc/arm-none-eabi/7.2.1/../../../../arm-none-eabi/lib/thumb/v7-m\libstdc++.a(eh_call.o)
                0x0800dde8                __cxa_call_terminate
 .text.__cxa_call_unexpected
                0x0800de08       0xe0 c:/program files (x86)/gnu tools arm embedded/7 2017-q4-major/bin/../lib/gcc/arm-none-eabi/7.2.1/../../../../arm-none-eabi/lib/thumb/v7-m\libstdc++.a(eh_call.o)
                0x0800de08                __cxa_call_unexpected
 .text._ZdaPv   0x0800dee8        0x4 c:/program files (x86)/gnu tools arm embedded/7 2017-q4-major/bin/../lib/gcc/arm-none-eabi/7.2.1/../../../../arm-none-eabi/lib/thumb/v7-m\libstdc++.a(del_opv.o)
                0x0800dee8                operator delete[](void*)
 .text.__cxa_begin_catch
                0x0800deec       0x80 c:/program files (x86)/gnu tools arm embedded/7 2017-q4-major/bin/../lib/gcc/arm-none-eabi/7.2.1/../../../../arm-none-eabi/lib/thumb/v7-m\libstdc++.a(eh_catch.o)
                0x0800deec                __cxa_begin_catch
 .text.__cxa_end_catch
                0x0800df6c       0x88 c:/program files (x86)/gnu tools arm embedded/7 2017-q4-major/bin/../lib/gcc/arm-none-eabi/7.2.1/../../../../arm-none-eabi/lib/thumb/v7-m\libstdc++.a(eh_catch.o)
                0x0800df6c                __cxa_end_catch
 .text.__cxa_get_globals_fast
                0x0800dff4        0x8 c:/program files (x86)/gnu tools arm embedded/7 2017-q4-major/bin/../lib/gcc/arm-none-eabi/7.2.1/../../../../arm-none-eabi/lib/thumb/v7-m\libstdc++.a(eh_globals.o)
                0x0800dff4                __cxa_get_globals_fast
 .text.__cxa_get_globals
                0x0800dffc        0x8 c:/program files (x86)/gnu tools arm embedded/7 2017-q4-major/bin/../lib/gcc/arm-none-eabi/7.2.1/../../../../arm-none-eabi/lib/thumb/v7-m\libstdc++.a(eh_globals.o)
                0x0800dffc                __cxa_get_globals
 .text._ZN10__cxxabiv111__terminateEPFvvE
                0x0800e004       0x28 c:/program files (x86)/gnu tools arm embedded/7 2017-q4-major/bin/../lib/gcc/arm-none-eabi/7.2.1/../../../../arm-none-eabi/lib/thumb/v7-m\libstdc++.a(eh_terminate.o)
                0x0800e004                __cxxabiv1::__terminate(void (*)())
 .text._ZSt9terminatev
                0x0800e02c       0x14 c:/program files (x86)/gnu tools arm embedded/7 2017-q4-major/bin/../lib/gcc/arm-none-eabi/7.2.1/../../../../arm-none-eabi/lib/thumb/v7-m\libstdc++.a(eh_terminate.o)
                0x0800e02c                std::terminate()
 .text._ZN10__cxxabiv112__unexpectedEPFvvE
                0x0800e040        0x8 c:/program files (x86)/gnu tools arm embedded/7 2017-q4-major/bin/../lib/gcc/arm-none-eabi/7.2.1/../../../../arm-none-eabi/lib/thumb/v7-m\libstdc++.a(eh_terminate.o)
                0x0800e040                __cxxabiv1::__unexpected(void (*)())
 .text._ZSt10unexpectedv
                0x0800e048       0x14 c:/program files (x86)/gnu tools arm embedded/7 2017-q4-major/bin/../lib/gcc/arm-none-eabi/7.2.1/../../../../arm-none-eabi/lib/thumb/v7-m\libstdc++.a(eh_terminate.o)
                0x0800e048                std::unexpected()
 .text._ZSt13get_terminatev
                0x0800e05c       0x10 c:/program files (x86)/gnu tools arm embedded/7 2017-q4-major/bin/../lib/gcc/arm-none-eabi/7.2.1/../../../../arm-none-eabi/lib/thumb/v7-m\libstdc++.a(eh_terminate.o)
                0x0800e05c                std::get_terminate()
 .text._ZSt14get_unexpectedv
                0x0800e06c       0x10 c:/program files (x86)/gnu tools arm embedded/7 2017-q4-major/bin/../lib/gcc/arm-none-eabi/7.2.1/../../../../arm-none-eabi/lib/thumb/v7-m\libstdc++.a(eh_terminate.o)
                0x0800e06c                std::get_unexpected()
 .text.__cxa_end_cleanup
                0x0800e07c        0xc c:/program files (x86)/gnu tools arm embedded/7 2017-q4-major/bin/../lib/gcc/arm-none-eabi/7.2.1/../../../../arm-none-eabi/lib/thumb/v7-m\libstdc++.a(eh_arm.o)
                0x0800e07c                __cxa_end_cleanup
 .text.__cxa_type_match
                0x0800e088       0xb0 c:/program files (x86)/gnu tools arm embedded/7 2017-q4-major/bin/../lib/gcc/arm-none-eabi/7.2.1/../../../../arm-none-eabi/lib/thumb/v7-m\libstdc++.a(eh_arm.o)
                0x0800e088                __cxa_type_match
 .text.__cxa_begin_cleanup
                0x0800e138       0x64 c:/program files (x86)/gnu tools arm embedded/7 2017-q4-major/bin/../lib/gcc/arm-none-eabi/7.2.1/../../../../arm-none-eabi/lib/thumb/v7-m\libstdc++.a(eh_arm.o)
                0x0800e138                __cxa_begin_cleanup
 .text.__gnu_end_cleanup
                0x0800e19c       0x70 c:/program files (x86)/gnu tools arm embedded/7 2017-q4-major/bin/../lib/gcc/arm-none-eabi/7.2.1/../../../../arm-none-eabi/lib/thumb/v7-m\libstdc++.a(eh_arm.o)
                0x0800e19c                __gnu_end_cleanup
 .text._ZL23__gxx_exception_cleanup19_Unwind_Reason_CodeP21_Unwind_Control_Block
                0x0800e20c       0x44 c:/program files (x86)/gnu tools arm embedded/7 2017-q4-major/bin/../lib/gcc/arm-none-eabi/7.2.1/../../../../arm-none-eabi/lib/thumb/v7-m\libstdc++.a(eh_throw.o)
 .text.__cxa_init_primary_exception
                0x0800e250       0x58 c:/program files (x86)/gnu tools arm embedded/7 2017-q4-major/bin/../lib/gcc/arm-none-eabi/7.2.1/../../../../arm-none-eabi/lib/thumb/v7-m\libstdc++.a(eh_throw.o)
                0x0800e250                __cxa_init_primary_exception
 .text.__cxa_throw
                0x0800e2a8       0x38 c:/program files (x86)/gnu tools arm embedded/7 2017-q4-major/bin/../lib/gcc/arm-none-eabi/7.2.1/../../../../arm-none-eabi/lib/thumb/v7-m\libstdc++.a(eh_throw.o)
                0x0800e2a8                __cxa_throw
 .text.__cxa_rethrow
                0x0800e2e0       0x70 c:/program files (x86)/gnu tools arm embedded/7 2017-q4-major/bin/../lib/gcc/arm-none-eabi/7.2.1/../../../../arm-none-eabi/lib/thumb/v7-m\libstdc++.a(eh_throw.o)
                0x0800e2e0                __cxa_rethrow
 .text._Znaj    0x0800e350        0x4 c:/program files (x86)/gnu tools arm embedded/7 2017-q4-major/bin/../lib/gcc/arm-none-eabi/7.2.1/../../../../arm-none-eabi/lib/thumb/v7-m\libstdc++.a(new_opv.o)
                0x0800e350                operator new[](unsigned int)
 .text._ZN10__cxxabiv120__si_class_type_infoD2Ev
                0x0800e354       0x14 c:/program files (x86)/gnu tools arm embedded/7 2017-q4-major/bin/../lib/gcc/arm-none-eabi/7.2.1/../../../../arm-none-eabi/lib/thumb/v7-m\libstdc++.a(si_class_type_info.o)
                0x0800e354                __cxxabiv1::__si_class_type_info::~__si_class_type_info()
                0x0800e354                __cxxabiv1::__si_class_type_info::~__si_class_type_info()
 .text._ZN10__cxxabiv120__si_class_type_infoD0Ev
                0x0800e368       0x1c c:/program files (x86)/gnu tools arm embedded/7 2017-q4-major/bin/../lib/gcc/arm-none-eabi/7.2.1/../../../../arm-none-eabi/lib/thumb/v7-m\libstdc++.a(si_class_type_info.o)
                0x0800e368                __cxxabiv1::__si_class_type_info::~__si_class_type_info()
 .text._ZNK10__cxxabiv120__si_class_type_info20__do_find_public_srcEiPKvPKNS_17__class_type_infoES2_
                0x0800e384       0x3c c:/program files (x86)/gnu tools arm embedded/7 2017-q4-major/bin/../lib/gcc/arm-none-eabi/7.2.1/../../../../arm-none-eabi/lib/thumb/v7-m\libstdc++.a(si_class_type_info.o)
                0x0800e384                __cxxabiv1::__si_class_type_info::__do_find_public_src(int, void const*, __cxxabiv1::__class_type_info const*, void const*) const
 .text._ZNK10__cxxabiv120__si_class_type_info12__do_dyncastEiNS_17__class_type_info10__sub_kindEPKS1_PKvS4_S6_RNS1_16__dyncast_resultE
                0x0800e3c0       0x84 c:/program files (x86)/gnu tools arm embedded/7 2017-q4-major/bin/../lib/gcc/arm-none-eabi/7.2.1/../../../../arm-none-eabi/lib/thumb/v7-m\libstdc++.a(si_class_type_info.o)
                0x0800e3c0                __cxxabiv1::__si_class_type_info::__do_dyncast(int, __cxxabiv1::__class_type_info::__sub_kind, __cxxabiv1::__class_type_info const*, void const*, __cxxabiv1::__class_type_info const*, void const*, __cxxabiv1::__class_type_info::__dyncast_result&) const
 .text._ZNK10__cxxabiv120__si_class_type_info11__do_upcastEPKNS_17__class_type_infoEPKvRNS1_15__upcast_resultE
                0x0800e444       0x2c c:/program files (x86)/gnu tools arm embedded/7 2017-q4-major/bin/../lib/gcc/arm-none-eabi/7.2.1/../../../../arm-none-eabi/lib/thumb/v7-m\libstdc++.a(si_class_type_info.o)
                0x0800e444                __cxxabiv1::__si_class_type_info::__do_upcast(__cxxabiv1::__class_type_info const*, void const*, __cxxabiv1::__class_type_info::__upcast_result&) const
 .text._ZNSt9type_infoD2Ev
                0x0800e470        0x4 c:/program files (x86)/gnu tools arm embedded/7 2017-q4-major/bin/../lib/gcc/arm-none-eabi/7.2.1/../../../../arm-none-eabi/lib/thumb/v7-m\libstdc++.a(tinfo.o)
                0x0800e470                std::type_info::~type_info()
                0x0800e470                std::type_info::~type_info()
 .text._ZNKSt9type_info14__is_pointer_pEv
                0x0800e474        0x4 c:/program files (x86)/gnu tools arm embedded/7 2017-q4-major/bin/../lib/gcc/arm-none-eabi/7.2.1/../../../../arm-none-eabi/lib/thumb/v7-m\libstdc++.a(tinfo.o)
                0x0800e474                std::type_info::__is_pointer_p() const
                0x0800e474                std::type_info::__is_function_p() const
 .text._ZNKSt9type_infoeqERKS_
                0x0800e478       0x2c c:/program files (x86)/gnu tools arm embedded/7 2017-q4-major/bin/../lib/gcc/arm-none-eabi/7.2.1/../../../../arm-none-eabi/lib/thumb/v7-m\libstdc++.a(tinfo.o)
                0x0800e478                std::type_info::operator==(std::type_info const&) const
 .text._ZNK10__cxxabiv117__class_type_info11__do_upcastEPKS0_PPv
                0x0800e4a4       0x38 c:/program files (x86)/gnu tools arm embedded/7 2017-q4-major/bin/../lib/gcc/arm-none-eabi/7.2.1/../../../../arm-none-eabi/lib/thumb/v7-m\libstdc++.a(class_type_info.o)
                0x0800e4a4                __cxxabiv1::__class_type_info::__do_upcast(__cxxabiv1::__class_type_info const*, void**) const
 .text._ZNK10__cxxabiv117__class_type_info20__do_find_public_srcEiPKvPKS0_S2_
                0x0800e4dc        0xc c:/program files (x86)/gnu tools arm embedded/7 2017-q4-major/bin/../lib/gcc/arm-none-eabi/7.2.1/../../../../arm-none-eabi/lib/thumb/v7-m\libstdc++.a(class_type_info.o)
                0x0800e4dc                __cxxabiv1::__class_type_info::__do_find_public_src(int, void const*, __cxxabiv1::__class_type_info const*, void const*) const
 .text._ZN10__cxxabiv117__class_type_infoD2Ev
                0x0800e4e8       0x14 c:/program files (x86)/gnu tools arm embedded/7 2017-q4-major/bin/../lib/gcc/arm-none-eabi/7.2.1/../../../../arm-none-eabi/lib/thumb/v7-m\libstdc++.a(class_type_info.o)
                0x0800e4e8                __cxxabiv1::__class_type_info::~__class_type_info()
                0x0800e4e8                __cxxabiv1::__class_type_info::~__class_type_info()
 .text._ZN10__cxxabiv117__class_type_infoD0Ev
                0x0800e4fc       0x1c c:/program files (x86)/gnu tools arm embedded/7 2017-q4-major/bin/../lib/gcc/arm-none-eabi/7.2.1/../../../../arm-none-eabi/lib/thumb/v7-m\libstdc++.a(class_type_info.o)
                0x0800e4fc                __cxxabiv1::__class_type_info::~__class_type_info()
 .text._ZNK10__cxxabiv117__class_type_info12__do_dyncastEiNS0_10__sub_kindEPKS0_PKvS3_S5_RNS0_16__dyncast_resultE
                0x0800e518       0x44 c:/program files (x86)/gnu tools arm embedded/7 2017-q4-major/bin/../lib/gcc/arm-none-eabi/7.2.1/../../../../arm-none-eabi/lib/thumb/v7-m\libstdc++.a(class_type_info.o)
                0x0800e518                __cxxabiv1::__class_type_info::__do_dyncast(int, __cxxabiv1::__class_type_info::__sub_kind, __cxxabiv1::__class_type_info const*, void const*, __cxxabiv1::__class_type_info const*, void const*, __cxxabiv1::__class_type_info::__dyncast_result&) const
 .text._ZNK10__cxxabiv117__class_type_info11__do_upcastEPKS0_PKvRNS0_15__upcast_resultE
                0x0800e55c       0x18 c:/program files (x86)/gnu tools arm embedded/7 2017-q4-major/bin/../lib/gcc/arm-none-eabi/7.2.1/../../../../arm-none-eabi/lib/thumb/v7-m\libstdc++.a(class_type_info.o)
                0x0800e55c                __cxxabiv1::__class_type_info::__do_upcast(__cxxabiv1::__class_type_info const*, void const*, __cxxabiv1::__class_type_info::__upcast_result&) const
 .text._ZNK10__cxxabiv117__class_type_info10__do_catchEPKSt9type_infoPPvj
                0x0800e574       0x2c c:/program files (x86)/gnu tools arm embedded/7 2017-q4-major/bin/../lib/gcc/arm-none-eabi/7.2.1/../../../../arm-none-eabi/lib/thumb/v7-m\libstdc++.a(class_type_info.o)
                0x0800e574                __cxxabiv1::__class_type_info::__do_catch(std::type_info const*, void**, unsigned int) const
 .text._ZNSt9exceptionD2Ev
                0x0800e5a0        0x4 c:/program files (x86)/gnu tools arm embedded/7 2017-q4-major/bin/../lib/gcc/arm-none-eabi/7.2.1/../../../../arm-none-eabi/lib/thumb/v7-m\libstdc++.a(eh_exception.o)
                0x0800e5a0                std::exception::~exception()
                0x0800e5a0                std::exception::~exception()
 .text._ZNSt13bad_exceptionD2Ev
                0x0800e5a4        0x4 c:/program files (x86)/gnu tools arm embedded/7 2017-q4-major/bin/../lib/gcc/arm-none-eabi/7.2.1/../../../../arm-none-eabi/lib/thumb/v7-m\libstdc++.a(eh_exception.o)
                0x0800e5a4                std::bad_exception::~bad_exception()
                0x0800e5a4                std::bad_exception::~bad_exception()
 .text._ZNKSt13bad_exception4whatEv
                0x0800e5a8        0x8 c:/program files (x86)/gnu tools arm embedded/7 2017-q4-major/bin/../lib/gcc/arm-none-eabi/7.2.1/../../../../arm-none-eabi/lib/thumb/v7-m\libstdc++.a(eh_exception.o)
                0x0800e5a8                std::bad_exception::what() const
                0x0800e5a8                transaction clone for std::bad_exception::what() const
 .text._ZNSt13bad_exceptionD0Ev
                0x0800e5b0       0x10 c:/program files (x86)/gnu tools arm embedded/7 2017-q4-major/bin/../lib/gcc/arm-none-eabi/7.2.1/../../../../arm-none-eabi/lib/thumb/v7-m\libstdc++.a(eh_exception.o)
                0x0800e5b0                std::bad_exception::~bad_exception()
 .text._Znwj    0x0800e5c0       0x3c c:/program files (x86)/gnu tools arm embedded/7 2017-q4-major/bin/../lib/gcc/arm-none-eabi/7.2.1/../../../../arm-none-eabi/lib/thumb/v7-m\libstdc++.a(new_op.o)
                0x0800e5c0                operator new(unsigned int)
 .text._ZdlPv   0x0800e5fc        0x4 c:/program files (x86)/gnu tools arm embedded/7 2017-q4-major/bin/../lib/gcc/arm-none-eabi/7.2.1/../../../../arm-none-eabi/lib/thumb/v7-m\libstdc++.a(del_op.o)
                0x0800e5fc                operator delete(void*)
 .text._ZN12_GLOBAL__N_14pool4freeEPv.constprop.4
                0x0800e600       0x88 c:/program files (x86)/gnu tools arm embedded/7 2017-q4-major/bin/../lib/gcc/arm-none-eabi/7.2.1/../../../../arm-none-eabi/lib/thumb/v7-m\libstdc++.a(eh_alloc.o)
 .text._ZN12_GLOBAL__N_14pool8allocateEj.constprop.5
                0x0800e688       0x64 c:/program files (x86)/gnu tools arm embedded/7 2017-q4-major/bin/../lib/gcc/arm-none-eabi/7.2.1/../../../../arm-none-eabi/lib/thumb/v7-m\libstdc++.a(eh_alloc.o)
 .text.__cxa_allocate_exception
                0x0800e6ec       0x30 c:/program files (x86)/gnu tools arm embedded/7 2017-q4-major/bin/../lib/gcc/arm-none-eabi/7.2.1/../../../../arm-none-eabi/lib/thumb/v7-m\libstdc++.a(eh_alloc.o)
                0x0800e6ec                __cxa_allocate_exception
 .text.__cxa_free_exception
                0x0800e71c       0x20 c:/program files (x86)/gnu tools arm embedded/7 2017-q4-major/bin/../lib/gcc/arm-none-eabi/7.2.1/../../../../arm-none-eabi/lib/thumb/v7-m\libstdc++.a(eh_alloc.o)
                0x0800e71c                __cxa_free_exception
 .text.startup._GLOBAL__sub_I__ZN9__gnu_cxx9__freeresEv
                0x0800e73c       0x28 c:/program files (x86)/gnu tools arm embedded/7 2017-q4-major/bin/../lib/gcc/arm-none-eabi/7.2.1/../../../../arm-none-eabi/lib/thumb/v7-m\libstdc++.a(eh_alloc.o)
 .text._ZNKSt9bad_alloc4whatEv
                0x0800e764        0x8 c:/program files (x86)/gnu tools arm embedded/7 2017-q4-major/bin/../lib/gcc/arm-none-eabi/7.2.1/../../../../arm-none-eabi/lib/thumb/v7-m\libstdc++.a(bad_alloc.o)
                0x0800e764                std::bad_alloc::what() const
 .text._ZNSt9bad_allocD2Ev
                0x0800e76c       0x14 c:/program files (x86)/gnu tools arm embedded/7 2017-q4-major/bin/../lib/gcc/arm-none-eabi/7.2.1/../../../../arm-none-eabi/lib/thumb/v7-m\libstdc++.a(bad_alloc.o)
                0x0800e76c                std::bad_alloc::~bad_alloc()
                0x0800e76c                std::bad_alloc::~bad_alloc()
 .text._ZNSt9bad_allocD0Ev
                0x0800e780       0x1c c:/program files (x86)/gnu tools arm embedded/7 2017-q4-major/bin/../lib/gcc/arm-none-eabi/7.2.1/../../../../arm-none-eabi/lib/thumb/v7-m\libstdc++.a(bad_alloc.o)
                0x0800e780                std::bad_alloc::~bad_alloc()
 .text._ZN9__gnu_cxx27__verbose_terminate_handlerEv
                0x0800e79c      0x110 c:/program files (x86)/gnu tools arm embedded/7 2017-q4-major/bin/../lib/gcc/arm-none-eabi/7.2.1/../../../../arm-none-eabi/lib/thumb/v7-m\libstdc++.a(vterminate.o)
                0x0800e79c                __gnu_cxx::__verbose_terminate_handler()
 .text._ZSt15get_new_handlerv
                0x0800e8ac       0x10 c:/program files (x86)/gnu tools arm embedded/7 2017-q4-major/bin/../lib/gcc/arm-none-eabi/7.2.1/../../../../arm-none-eabi/lib/thumb/v7-m\libstdc++.a(new_handler.o)
                0x0800e8ac                std::get_new_handler()
 .text          0x0800e8bc     0x6a20 c:/program files (x86)/gnu tools arm embedded/7 2017-q4-major/bin/../lib/gcc/arm-none-eabi/7.2.1/../../../../arm-none-eabi/lib/thumb/v7-m\libstdc++.a(cp-demangle.o)
                0x080151ec                __cxa_demangle
                0x080152b8                __gcclibcxx_demangle_callback
 .text._ZdlPvj  0x080152dc        0x4 c:/program files (x86)/gnu tools arm embedded/7 2017-q4-major/bin/../lib/gcc/arm-none-eabi/7.2.1/../../../../arm-none-eabi/lib/thumb/v7-m\libstdc++.a(del_ops.o)
                0x080152dc                operator delete(void*, unsigned int)
 .text.__cxa_current_exception_type
                0x080152e0       0x1c c:/program files (x86)/gnu tools arm embedded/7 2017-q4-major/bin/../lib/gcc/arm-none-eabi/7.2.1/../../../../arm-none-eabi/lib/thumb/v7-m\libstdc++.a(eh_type.o)
                0x080152e0                __cxa_current_exception_type
 .text.fputc    0x080152fc       0x58 c:/program files (x86)/gnu tools arm embedded/7 2017-q4-major/bin/../lib/gcc/arm-none-eabi/7.2.1/../../../../arm-none-eabi/lib/thumb/v7-m\libg.a(lib_a-fputc.o)
                0x080152fc                fputc
 .text._fputs_r
                0x08015354       0x84 c:/program files (x86)/gnu tools arm embedded/7 2017-q4-major/bin/../lib/gcc/arm-none-eabi/7.2.1/../../../../arm-none-eabi/lib/thumb/v7-m\libg.a(lib_a-fputs.o)
                0x08015354                _fputs_r
 .text.fputs    0x080153d8       0x10 c:/program files (x86)/gnu tools arm embedded/7 2017-q4-major/bin/../lib/gcc/arm-none-eabi/7.2.1/../../../../arm-none-eabi/lib/thumb/v7-m\libg.a(lib_a-fputs.o)
                0x080153d8                fputs
 .text.__sfvwrite_r
                0x080153e8      0x2f4 c:/program files (x86)/gnu tools arm embedded/7 2017-q4-major/bin/../lib/gcc/arm-none-eabi/7.2.1/../../../../arm-none-eabi/lib/thumb/v7-m\libg.a(lib_a-fvwrite.o)
                0x080153e8                __sfvwrite_r
 .text._fwrite_r
                0x080156dc       0xa8 c:/program files (x86)/gnu tools arm embedded/7 2017-q4-major/bin/../lib/gcc/arm-none-eabi/7.2.1/../../../../arm-none-eabi/lib/thumb/v7-m\libg.a(lib_a-fwrite.o)
                0x080156dc                _fwrite_r
 .text.fwrite   0x08015784       0x20 c:/program files (x86)/gnu tools arm embedded/7 2017-q4-major/bin/../lib/gcc/arm-none-eabi/7.2.1/../../../../arm-none-eabi/lib/thumb/v7-m\libg.a(lib_a-fwrite.o)
                0x08015784                fwrite
 .text.memcmp   0x080157a4       0x64 c:/program files (x86)/gnu tools arm embedded/7 2017-q4-major/bin/../lib/gcc/arm-none-eabi/7.2.1/../../../../arm-none-eabi/lib/thumb/v7-m\libg.a(lib_a-memcmp.o)
                0x080157a4                memcmp
 .text._putc_r  0x08015808       0x70 c:/program files (x86)/gnu tools arm embedded/7 2017-q4-major/bin/../lib/gcc/arm-none-eabi/7.2.1/../../../../arm-none-eabi/lib/thumb/v7-m\libg.a(lib_a-putc.o)
                0x08015808                _putc_r
 .text.realloc  0x08015878       0x10 c:/program files (x86)/gnu tools arm embedded/7 2017-q4-major/bin/../lib/gcc/arm-none-eabi/7.2.1/../../../../arm-none-eabi/lib/thumb/v7-m\libg.a(lib_a-realloc.o)
                0x08015878                realloc
 .text.__swbuf_r
                0x08015888       0xb0 c:/program files (x86)/gnu tools arm embedded/7 2017-q4-major/bin/../lib/gcc/arm-none-eabi/7.2.1/../../../../arm-none-eabi/lib/thumb/v7-m\libg.a(lib_a-wbuf.o)
                0x08015888                __swbuf_r
 .text.__swsetup_r
                0x08015938       0xcc c:/program files (x86)/gnu tools arm embedded/7 2017-q4-major/bin/../lib/gcc/arm-none-eabi/7.2.1/../../../../arm-none-eabi/lib/thumb/v7-m\libg.a(lib_a-wsetup.o)
                0x08015938                __swsetup_r
 .text.__swhatbuf_r
                0x08015a04       0x5c c:/program files (x86)/gnu tools arm embedded/7 2017-q4-major/bin/../lib/gcc/arm-none-eabi/7.2.1/../../../../arm-none-eabi/lib/thumb/v7-m\libg.a(lib_a-makebuf.o)
                0x08015a04                __swhatbuf_r
 .text.__smakebuf_r
                0x08015a60       0x94 c:/program files (x86)/gnu tools arm embedded/7 2017-q4-major/bin/../lib/gcc/arm-none-eabi/7.2.1/../../../../arm-none-eabi/lib/thumb/v7-m\libg.a(lib_a-makebuf.o)
                0x08015a60                __smakebuf_r
 .text._fstat_r
                0x08015af4       0x28 c:/program files (x86)/gnu tools arm embedded/7 2017-q4-major/bin/../lib/gcc/arm-none-eabi/7.2.1/../../../../arm-none-eabi/lib/thumb/v7-m\libg.a(lib_a-fstatr.o)
                0x08015af4                _fstat_r
 .text._isatty_r
                0x08015b1c       0x24 c:/program files (x86)/gnu tools arm embedded/7 2017-q4-major/bin/../lib/gcc/arm-none-eabi/7.2.1/../../../../arm-none-eabi/lib/thumb/v7-m\libg.a(lib_a-isattyr.o)
                0x08015b1c                _isatty_r
 *(.init)
 .init          0x08015b40        0x4 c:/program files (x86)/gnu tools arm embedded/7 2017-q4-major/bin/../lib/gcc/arm-none-eabi/7.2.1/thumb/v7-m/crti.o
                0x08015b40                _init
 .init          0x08015b44        0x8 c:/program files (x86)/gnu tools arm embedded/7 2017-q4-major/bin/../lib/gcc/arm-none-eabi/7.2.1/thumb/v7-m/crtn.o
 *(.fini)
 .fini          0x08015b4c        0x4 c:/program files (x86)/gnu tools arm embedded/7 2017-q4-major/bin/../lib/gcc/arm-none-eabi/7.2.1/thumb/v7-m/crti.o
                0x08015b4c                _fini
 .fini          0x08015b50        0x8 c:/program files (x86)/gnu tools arm embedded/7 2017-q4-major/bin/../lib/gcc/arm-none-eabi/7.2.1/thumb/v7-m/crtn.o
 *crtbegin.o(.ctors)
 *crtbegin?.o(.ctors)
 *(EXCLUDE_FILE(*crtend.o *crtend?.o) .ctors)
 *(SORT_BY_NAME(.ctors.*))
 *(.ctors)
 *crtbegin.o(.dtors)
 *crtbegin?.o(.dtors)
 *(EXCLUDE_FILE(*crtend.o *crtend?.o) .dtors)
 *(SORT_BY_NAME(.dtors.*))
 *(.dtors)
 *(.rodata*)
 .rodata        0x08015b58       0x97 ..\obj\main.o
 *fill*         0x08015bef        0x1 
 .rodata.npio2_hw
                0x08015bf0       0x80 c:/program files (x86)/gnu tools arm embedded/7 2017-q4-major/bin/../lib/gcc/arm-none-eabi/7.2.1/../../../../arm-none-eabi/lib/thumb/v7-m\libm.a(lib_a-e_rem_pio2.o)
 .rodata.two_over_pi
                0x08015c70      0x108 c:/program files (x86)/gnu tools arm embedded/7 2017-q4-major/bin/../lib/gcc/arm-none-eabi/7.2.1/../../../../arm-none-eabi/lib/thumb/v7-m\libm.a(lib_a-e_rem_pio2.o)
 .rodata.PIo2   0x08015d78       0x40 c:/program files (x86)/gnu tools arm embedded/7 2017-q4-major/bin/../lib/gcc/arm-none-eabi/7.2.1/../../../../arm-none-eabi/lib/thumb/v7-m\libm.a(lib_a-k_rem_pio2.o)
 .rodata.init_jk
                0x08015db8       0x10 c:/program files (x86)/gnu tools arm embedded/7 2017-q4-major/bin/../lib/gcc/arm-none-eabi/7.2.1/../../../../arm-none-eabi/lib/thumb/v7-m\libm.a(lib_a-k_rem_pio2.o)
 .rodata._global_impure_ptr
                0x08015dc8        0x4 c:/program files (x86)/gnu tools arm embedded/7 2017-q4-major/bin/../lib/gcc/arm-none-eabi/7.2.1/../../../../arm-none-eabi/lib/thumb/v7-m\libc.a(lib_a-impure.o)
                0x08015dc8                _global_impure_ptr
 .rodata._setlocale_r.str1.4
                0x08015dcc        0xa c:/program files (x86)/gnu tools arm embedded/7 2017-q4-major/bin/../lib/gcc/arm-none-eabi/7.2.1/../../../../arm-none-eabi/lib/thumb/v7-m\libc.a(lib_a-locale.o)
                                  0xd (size before relaxing)
 .rodata.str1.4
                0x08015dd6        0xa c:/program files (x86)/gnu tools arm embedded/7 2017-q4-major/bin/../lib/gcc/arm-none-eabi/7.2.1/../../../../arm-none-eabi/lib/thumb/v7-m\libc.a(lib_a-locale.o)
                                  0x2 (size before relaxing)
 *fill*         0x08015dd6        0x2 
 .rodata.DAYS_IN_MONTH
                0x08015dd8       0x30 c:/program files (x86)/gnu tools arm embedded/7 2017-q4-major/bin/../lib/gcc/arm-none-eabi/7.2.1/../../../../arm-none-eabi/lib/thumb/v7-m\libc.a(lib_a-mktime.o)
 .rodata._DAYS_BEFORE_MONTH